18:32:36 #1 ✓ העתק · ניסיון 1 · עיגול 4 · 0.1s · 10 אפשרויות · לאן 2 · קח · לך · שים
   מדף 1 · ממתינות 0 · נבדקו 0.0M
18:32:39 #2 ✓ לא · ניסיון 1 · עיגול 5 · 3.4s · 27 אפשרויות · קח · קח · העתק(3→2) · חשב · שים
   מדף 2 · ממתינות 0 · נבדקו 0.2M
18:32:48 #3 ✓ לא-וגם · ניסיון 1 · עיגול 7 · 8.8s · 44 אפשרויות · קח · לא(1→2) · העתק(1→4) · קח · חשב · שים · העתק(4→2)
   מדף 3 · ממתינות 0 · נבדקו 0.9M
18:32:48 #4 ✓ וגם · ניסיון 1 · עיגול 2 · 0.1s · 100 אפשרויות · לא-וגם(0,1→5) · לא(3→2)
   מדף 4 · ממתינות 0 · נבדקו 0.9M
18:32:52 #5 ✓ או · ניסיון 1 · עיגול 3 · 4.2s · 156 אפשרויות · לא(0→3) · לא(1→4) · לא-וגם(3,4→2)
   מדף 5 · ממתינות 0 · נבדקו 1.2M
18:32:53 #6 ✓ לא-או · ניסיון 1 · עיגול 2 · 0.7s · 212 אפשרויות · או(0,1→3) · לא(1→2)
   מדף 6 · ממתינות 0 · נבדקו 1.2M
18:33:00 #7 ✓ שונה · ניסיון 1 · עיגול 3 · 7.2s · 212 אפשרויות · לא-וגם(0,1→5) · או(0,1→2) · וגם(1,5→2)
   מדף 7 · ממתינות 0 · נבדקו 1.6M
18:33:23 #8 ✓ שווה · ניסיון 1 · עיגול 5 · 22.7s · 212 אפשרויות · לא-וגם(0,1→5) · לא-וגם(0,5→2) · לא(5→2) · לא-וגם(1,5→4) · וגם(0,3→2)
   מדף 8 · ממתינות 0 · נבדקו 2.5M
18:33:24 #9 ✓ א ולא ב · ניסיון 1 · עיגול 2 · 0.5s · 212 אפשרויות · לא(1→3) · וגם(0,3→2)
   מדף 9 · ממתינות 0 · נבדקו 2.6M
18:33:24 #10 ✓ קבוע 15 · ניסיון 1 · עיגול 2 · 0.6s · 212 אפשרויות · או(1,5→2) · לא-וגם(1,3→2)
   מדף 10 · ממתינות 0 · נבדקו 2.6M
18:33:25 #11 ✓ קבוע 0 · ניסיון 1 · עיגול 2 · 0.6s · 216 אפשרויות · לא(1→4) · וגם(1,4→2)
   מדף 11 · ממתינות 0 · נבדקו 2.6M
18:33:33 #12 ✓ וגם-3 · ניסיון 1 · עיגול 3 · 8.1s · 220 אפשרויות · לא-וגם(0,1→2) · קבוע 0(→2) · וגם(1,3→2)
   מדף 12 · ממתינות 0 · נבדקו 3.0M
18:33:42 #13 ✓ או-3 · ניסיון 1 · עיגול 3 · 8.7s · 238 אפשרויות · העתק(3→5) · או(0,1→2) · או(1,5→2)
   מדף 13 · ממתינות 0 · נבדקו 3.4M
18:34:45 #14 ↻ בחר · ניסיון 1 · עיגול 9 · 63.6s · 238 אפשרויות
   מדף 13 · ממתינות 1 · נבדקו 6.0M
18:35:35 #15 ↻ רוב · ניסיון 1 · עיגול 9 · 49.9s · 238 אפשרויות
   מדף 13 · ממתינות 2 · נבדקו 8.5M
18:36:43 #16 ↻ שונה-3 · ניסיון 1 · עיגול 9 · 68.1s · 238 אפשרויות
   מדף 13 · ממתינות 3 · נבדקו 11.0M
18:36:53 #17 ✓ טבלה 208 · ניסיון 1 · עיגול 3 · 9.7s · 238 אפשרויות · לא-וגם(0,1→2) · לא-וגם(3,4→2) · וגם(0,1→2)
   מדף 14 · ממתינות 3 · נבדקו 11.4M
18:38:04 #18 ↻ טבלה 185 · ניסיון 1 · עיגול 9 · 71.4s · 238 אפשרויות
   מדף 14 · ממתינות 4 · נבדקו 14.0M
18:38:24 #19 ✓ בחר · ניסיון 2 · עיגול 4 · 19.1s · 238 אפשרויות · לא(3→5) · וגם(0,1→2) · לא-וגם(3,5→2) · טבלה 208(3,0,1→4)
   מדף 15 · ממתינות 3 · נבדקו 14.7M
ממשיך:  15 לבנים, 19 משימות
18:55:39 #20 ↻ רוב · ניסיון 2 · עיגול 9 · 89.5s · 238 אפשרויות
   מדף 15 · ממתינות 3 · נבדקו 17.3M
EXIT 143
ממשיך:  18 לבנים, 20 משימות
18:59:00 #21 ↻ שונה-3 · ניסיון 2 · עיגול 8 · 99.1s · 238 אפשרויות
   מדף 18 · ממתינות 3 · נבדקו 19.5M
EXIT 143
ממשיך:  18 לבנים, 21 משימות
19:01:04 #22 ✓ טבלה 149 · ניסיון 1 · עיגול 4 · 29.8s · 238 אפשרויות · לא-וגם(0,1→2) · או(3,4→2) · טבלה 208(3,1,0→5) · וגם(0,4→2)
   מדף 19 · ממתינות 3 · נבדקו 20.2M
19:02:55 #23 ↻ טבלה 185 · ניסיון 2 · עיגול 8 · 110.9s · 238 אפשרויות
   מדף 19 · ממתינות 3 · נבדקו 22.4M
19:03:21 #24 ✓ טבלה 241 · ניסיון 1 · עיגול 4 · 26.6s · 238 אפשרויות · לא(0→5) · וגם(3,5→4) · טבלה 208(0,3,1→2) · לא-וגם(1,5→2)
   מדף 20 · ממתינות 3 · נבדקו 23.2M
19:03:34 #25 ✓ טבלה 87 · ניסיון 1 · עיגול 3 · 12.8s · 238 אפשרויות · לא-וגם(1,3→2) · לא-וגם(0,3→5) · וגם(1,4→2)
   מדף 21 · ממתינות 3 · נבדקו 23.6M
19:03:48 #26 ✓ טבלה 53 · ניסיון 1 · עיגול 3 · 13.3s · 238 אפשרויות · לא-וגם(0,1→2) · טבלה 208(3,1,0→5) · וגם(0,4→2)
   מדף 22 · ממתינות 3 · נבדקו 24.0M
19:04:37 #27 ✓ רוב · ניסיון 3 · עיגול 6 · 49.8s · 238 אפשרויות · לא(1→5) · וגם(0,3→2) · לא-וגם(4,5→2) · העתק(0→4) · לא-וגם(1,4→5) · טבלה 208(1,3,0→2)
   מדף 23 · ממתינות 2 · נבדקו 25.4M
19:06:14 #28 ↻ שונה-3 · ניסיון 3 · עיגול 9 · 97.2s · 238 אפשרויות
   מדף 23 · ממתינות 2 · נבדקו 28.0M
19:07:45 #29 ↻ טבלה 101 · ניסיון 1 · עיגול 8 · 90.7s · 238 אפשרויות
   מדף 23 · ממתינות 3 · נבדקו 30.2M
19:09:06 #30 ↻ טבלה 185 · ניסיון 3 · עיגול 9 · 81s · 238 אפשרויות
   מדף 23 · ממתינות 3 · נבדקו 32.7M
19:09:06 #31 ✓ טבלה 117 · ניסיון 1 · עיגול 1 · 0s · 238 אפשרויות · טבלה 208(3,1,0→4)
   מדף 24 · ממתינות 3 · נבדקו 32.7M
19:10:43 #32 ↻ טבלה 107 · ניסיון 1 · עיגול 8 · 97.3s · 238 אפשרויות
   מדף 24 · ממתינות 4 · נבדקו 34.9M
19:11:21 #33 ✓ טבלה 199 · ניסיון 1 · עיגול 5 · 37.9s · 238 אפשרויות · העתק(3→4) · לא-וגם(1,4→2) · טבלה 208(3,1,0→2) · לא-וגם(3,4→5) · טבלה 208(0,3,1→2)
   מדף 25 · ממתינות 4 · נבדקו 36.0M
19:12:53 #34 ↻ טבלה 101 · ניסיון 2 · עיגול 8 · 91.9s · 238 אפשרויות
   מדף 25 · ממתינות 4 · נבדקו 38.2M
19:12:53 #35 ✓ טבלה 119 · ניסיון 1 · עיגול 1 · 0s · 238 אפשרויות · לא-וגם(1,3→2)
   מדף 26 · ממתינות 4 · נבדקו 38.2M
19:13:16 #36 ✓ טבלה 135 · ניסיון 1 · עיגול 4 · 22.9s · 238 אפשרויות · טבלה 119(0,1,3→5) · או(0,5→2) · או(1,3→2) · וגם(3,5→2)
   מדף 27 · ממתינות 4 · נבדקו 38.9M
19:14:55 #37 ↻ שונה-3 · ניסיון 4 · עיגול 9 · 98.9s · 238 אפשרויות
   מדף 27 · ממתינות 4 · נבדקו 41.5M
19:16:38 #38 ↻ טבלה 107 · ניסיון 2 · עיגול 9 · 102.8s · 238 אפשרויות
   מדף 27 · ממתינות 4 · נבדקו 44.0M
19:18:13 #39 ↻ טבלה 185 · ניסיון 4 · עיגול 9 · 94.7s · 238 אפשרויות
   מדף 27 · ממתינות 4 · נבדקו 46.6M
19:19:33 #40 ↻ טבלה 43 · ניסיון 1 · עיגול 9 · 80.3s · 238 אפשרויות
   מדף 27 · ממתינות 5 · נבדקו 49.1M
19:21:04 #41 ↻ טבלה 101 · ניסיון 3 · עיגול 9 · 91.6s · 238 אפשרויות
   מדף 27 · ממתינות 5 · נבדקו 51.6M
19:21:06 #42 ✓ טבלה 213 · ניסיון 1 · עיגול 2 · 1.1s · 238 אפשרויות · לא-וגם(0,1→2) · לא-וגם(3,4→2)
   מדף 28 · ממתינות 5 · נבדקו 51.7M
19:21:07 #43 ✓ טבלה 221 · ניסיון 1 · עיגול 2 · 1.1s · 238 אפשרויות · או(1,3→5) · לא-וגם(0,3→2)
   מדף 29 · ממתינות 5 · נבדקו 51.7M
19:21:19 #44 ✓ טבלה 127 · ניסיון 1 · עיגול 3 · 12.7s · 238 אפשרויות · טבלה 119(0,1,3→5) · לא-וגם(0,1→3) · או(3,5→2)
   מדף 30 · ממתינות 5 · נבדקו 52.1M
19:22:45 #45 ↻ טבלה 107 · ניסיון 3 · עיגול 9 · 85.6s · 238 אפשרויות
   מדף 30 · ממתינות 5 · נבדקו 54.6M
19:23:46 #46 ↻ טבלה 43 · ניסיון 2 · עיגול 9 · 61.4s · 238 אפשרויות
   מדף 30 · ממתינות 5 · נבדקו 57.2M
19:24:20 #47 ✓ טבלה 167 · ניסיון 1 · עיגול 5 · 34s · 238 אפשרויות · טבלה 119(0,1,3→5) · וגם(0,3→2) · לא-וגם(0,4→2) · וגם(3,5→2) · לא-וגם(0,4→2)
   מדף 31 · ממתינות 5 · נבדקו 58.3M
19:25:54 #48 ↻ שונה-3 · ניסיון 5 · עיגול 9 · 94.1s · 238 אפשרויות
   מדף 31 · ממתינות 5 · נבדקו 60.8M
19:26:06 #49 ✓ טבלה 59 · ניסיון 1 · עיגול 3 · 11.2s · 238 אפשרויות · לא-וגם(0,1→2) · לא-וגם(3,4→5) · לא-וגם(0,1→2)
   מדף 32 · ממתינות 5 · נבדקו 61.2M
19:27:31 #50 ↻ טבלה 185 · ניסיון 5 · עיגול 9 · 85.4s · 238 אפשרויות
   מדף 32 · ממתינות 5 · נבדקו 63.8M
EXIT 143
