תמונות לאימון: 12320    תמונות מגופנים שהיא לא ראתה: 880
לפני שלמדה — בגופנים החדשים: 6%

   סבב 1 : בגופנים שלא ראתה 67%
   סבב 2 : בגופנים שלא ראתה 71%
   סבב 3 : בגופנים שלא ראתה 78%
   סבב 4 : בגופנים שלא ראתה 78%
   סבב 5 : בגופנים שלא ראתה 78%
   סבב 6 : בגופנים שלא ראתה 81%
   סבב 7 : בגופנים שלא ראתה 82%
   סבב 8 : בגופנים שלא ראתה 81%
   סבב 9 : בגופנים שלא ראתה 80%
   סבב 10 : בגופנים שלא ראתה 82%
   סבב 11 : בגופנים שלא ראתה 82%
   סבב 12 : בגופנים שלא ראתה 83%

מה 4 מהעיניים למדו לחפש לבד (█ = חשוב שיהיה דיו, · = חשוב שיהיה ריק):
      ··███     █·· █     █ ··█     ·█··      
      ··██      · ██       █ ·      █·· █     
       ··█      ·███·     ·██·       ·██      
      ██··      ██ ··     ··█ █     ·███·     
      ███ ·     ██· ·     █·█ ·      ██·█     

בגופנים שלא ראתה, בתמונות נקיות (בלי רעש ובלי עיבוי/הקטנה של הקו): 89%
