תמונות לאימון: 12320    תמונות מגופן שהיא לא ראתה: 880
לפני שלמדה — מזהה בגופן החדש: 5%  (ניחוש עיוור = 4%)

   סבב 1 : מזהה באימון 55%, בגופן שלא ראתה 58%
   סבב 2 : מזהה באימון 61%, בגופן שלא ראתה 66%
   סבב 3 : מזהה באימון 69%, בגופן שלא ראתה 73%
   סבב 4 : מזהה באימון 73%, בגופן שלא ראתה 72%
   סבב 5 : מזהה באימון 78%, בגופן שלא ראתה 77%
   סבב 6 : מזהה באימון 80%, בגופן שלא ראתה 78%
   סבב 7 : מזהה באימון 82%, בגופן שלא ראתה 80%
   סבב 8 : מזהה באימון 83%, בגופן שלא ראתה 78%
   סבב 9 : מזהה באימון 85%, בגופן שלא ראתה 79%
   סבב 10 : מזהה באימון 87%, בגופן שלא ראתה 80%
   סבב 11 : מזהה באימון 88%, בגופן שלא ראתה 79%
   סבב 12 : מזהה באימון 88%, בגופן שלא ראתה 80%
   סבב 13 : מזהה באימון 88%, בגופן שלא ראתה 79%
   סבב 14 : מזהה באימון 89%, בגופן שלא ראתה 79%
   סבב 15 : מזהה באימון 89%, בגופן שלא ראתה 80%

דוגמאות מהגופן שהיא לא ראתה אף פעם:

      ················
      ················
      ················
      ················
      ·······█········
      ·······█····█···
      ·······██···██··
      ·······██···█···
      ·······██···█···
      ·····█···█·█····
      ·····█···██·····
      ····██···█······
      ····██····█·····
      ····█·····█·····
      ····█···········
      ················
      היא אומרת: ג   (באמת: א) ✗ טעתה

      ················
      ················
      ················
      ·····█████······
      ······█████··█··
      ···█··██·███····
      ········███·····
      ·········███····
      ·········███····
      ········████····
      ········████····
      ······██████····
      ·····████·██····
      ·····████████···
      ······███████···
      ················
      היא אומרת: נ   (באמת: ג) ✗ טעתה

      ················
      ················
      ·······███······
      ·······████·····
      ·········█······
      ········█·······
      ········█·······
      ·······██·······
      ·······██·······
      ·······██·······
      ·······██·······
      ·······██·······
      ·······██·······
      ·······█········
      ················
      ················
      היא אומרת: ו   (באמת: ז) ✗ טעתה

      ················
      █········█······
      ·······████·····
      ·······████·····
      ·······████·····
      ·······████·····
      ·······████·····
      ·······████·····
      ·······████·····
      ·······█████····
      ·······████·····
      ·······████·····
      ···············█
      ················
      █···············
      ·········█······
      היא אומרת: י   (באמת: י) ✓

בגופנים שלא ראתה, בתמונות נקיות (בלי רעש ובלי עיבוי/הקטנה של הקו): 86%
