✓ העתק · 2/2 · סבבים 4 · נבדקו 144 · 7ms
   לאן2 קח לך שים
   🧹 ניקוי: 4 ⇐ 4 פעולות
   ⏱️ שיפור: 3ms · סופי 4 פעולות
✓ לא · 2/2 · סבבים 5 · נבדקו 2515 · 192ms · השתמש ב: העתק
   קח קח חשב לאן1 לך לאן2 קח לך שים שים
   🧹 ניקוי: 10 ⇐ 6 פעולות
   ⏱️ שיפור: 12ms · סופי 6 פעולות
✓ וגם · 4/4 · סבבים 7 · נבדקו 15821 · 608ms · השתמש ב: לא
   לאן1 קח לך קח חשב שים לאן1 לך קח קח לאן2 לך חשב שים
   🧹 ניקוי: 14 ⇐ 12 פעולות
   ⏱️ שיפור: 167ms · סופי 12 פעולות
✓ או · 4/4 · סבבים 4 · נבדקו 14763 · 574ms · השתמש ב: לא, וגם, וגם, העתק
   לאן0 לך קח קח לאן3 לך חשב שים לאן3 לך לאן1 קח לך קח חשב שים קח קח לאן2 לך חשב שים לאן1 לך לאן3 קח לך קח חשב שים קח קח לאן4 לך חשב שים לאן3 לך לאן2 קח לך שים
   🧹 ניקוי: 42 ⇐ 12 פעולות
   ⏱️ שיפור: 243ms · סופי 12 פעולות
✓ שונה (XOR) · 4/4 · סבבים 3 · נבדקו 13872 · 598ms · השתמש ב: או, וגם, וגם
   לאן0 לך קח לאן1 קח חשב לך קח קח לאן3 חשב חשב לך שים לאן0 לך לאן1 קח לך קח חשב שים קח קח לאן4 לך חשב שים לאן1 לך לאן3 קח לך קח חשב שים קח קח לאן2 לך חשב שים
   🧹 ניקוי: 42 ⇐ 30 פעולות
   ⏱️ שיפור: 1206ms · סופי 30 פעולות
✓ חצי-מחבר (סכום, נשא) · 8/8 · סבבים 2 · נבדקו 2506 · 116ms · השתמש ב: שונה (XOR), וגם
   לאן0 לך קח לאן1 קח חשב לך קח קח לאן5 חשב חשב לך שים לאן0 לך לאן1 קח לך לאן5 קח חשב לך קח חשב שים קח קח לאן2 לך חשב שים לאן0 לך לאן1 קח לך קח חשב שים קח קח לאן3 לך חשב שים
   🧹 ניקוי: 46 ⇐ 44 פעולות
   ⏱️ שיפור: 2696ms · סופי 44 פעולות
✓ מחבר-מלא (3 ביטים ⇒ סכום, נשא) · 16/16 · סבבים 3 · נבדקו 115958 · 6791ms · השתמש ב: חצי-מחבר (סכום, נשא), חצי-מחבר (סכום, נשא), שונה (XOR)
   לאן0 לך קח לאן1 קח חשב לך קח קח לאן6 חשב חשב לך שים לאן0 לך לאן1 קח לך לאן6 קח חשב לך קח חשב שים קח קח לאן5 לך חשב שים לאן0 לך לאן1 קח לך קח חשב שים קח קח לאן4 לך חשב שים לאן2 לך קח לאן5 קח חשב לך קח קח לאן6 חשב חשב לך שים לאן2 לך לאן5 קח לך לאן6 קח חשב לך קח חשב שים קח קח לאן3 לך חשב שים לאן2 לך לאן5 קח לך קח חשב שים קח קח לאן4 לך חשב שים לאן1 לך קח לאן5 קח חשב לך קח קח לאן6 חשב חשב לך שים לאן1 לך לאן5 קח לך לאן6 קח חשב לך קח חשב שים קח קח לאן4 לך חשב שים
   🧹 ניקוי: 124 ⇐ 80 פעולות
   ⏱️ שיפור: 8702ms · סופי 80 פעולות
✓ שווה (ביט) · 4/4 · סבבים 1 · נבדקו 199 · 8ms · השתמש ב: מחבר-מלא (3 ביטים ⇒ סכום, נשא)
   לאן0 לך קח לאן1 קח חשב לך קח קח לאן2 חשב חשב לך שים לאן0 לך לאן1 קח לך לאן2 קח חשב לך קח חשב שים קח קח לאן לך חשב שים לאן0 לך לאן1 קח לך קח חשב שים לאן3 לך קח קח חשב לאן2 לך קח חשב שים לאן3 לך לאן קח לך לאן2 קח חשב לך קח חשב שים קח קח לאן4 לך חשב שים לאן3 לך לאן קח לך לאן1 קח חשב לך קח לאן5 לך חשב שים
   🧹 ניקוי: 82 ⇐ 24 פעולות
   ⏱️ שיפור: 627ms · סופי 24 פעולות
✓ בורר (אם ג אז א אחרת ב) · 8/8 · סבבים 2 · נבדקו 9747 · 521ms · השתמש ב: שונה (XOR), מחבר-מלא (3 ביטים ⇒ סכום, נשא)
   לאן1 לך קח לאן2 קח חשב לך קח קח לאן5 חשב חשב לך שים לאן1 לך לאן2 קח לך לאן5 קח חשב לך קח חשב שים קח קח לאן4 לך חשב שים לאן0 לך קח לאן1 קח חשב לך קח קח לאן2 חשב חשב לך שים לאן0 לך לאן1 קח לך לאן2 קח חשב לך קח חשב שים קח קח לאן לך חשב שים לאן0 לך לאן1 קח לך קח חשב שים לאן4 לך קח קח חשב לאן2 לך קח חשב שים לאן4 לך לאן קח לך לאן2 קח חשב לך קח חשב שים קח קח לאן5 לך חשב שים לאן4 לך לאן קח לך לאן1 קח חשב לך קח לאן3 לך חשב שים
   🧹 ניקוי: 114 ⇐ 64 פעולות
   🔁 חיפוש חוזר (בלי שונה (XOR), מחבר-מלא (3 ביטים ⇒ סכום, נשא)): 64 ⇐ 34 פעולות
   ⏱️ שיפור: 3747ms · סופי 34 פעולות
✓ שווה (מספר של 2 ביטים) · 16/16 · סבבים 9 · נבדקו 154514 · 41331ms · השתמש ב: העתק, העתק, וגם, העתק, שווה (ביט), וגם, שווה (ביט), וגם, העתק
   לאן0 לך לאן5 קח לך שים לאן1 לך לאן6 קח לך שים לאן3 לך לאן6 קח לך קח חשב שים קח קח לאן4 לך חשב שים לאן3 לך לאן5 קח לך שים לאן0 לך קח לאן2 קח חשב לך קח קח לאן6 חשב חשב לך שים לאן0 לך לאן2 קח לך לאן6 קח חשב לך קח חשב שים לאן6 לך לאן4 קח לך קח חשב שים קח קח לאן5 לך חשב שים לאן1 לך קח לאן3 קח חשב לך קח קח לאן4 חשב חשב לך שים לאן1 לך לאן3 קח לך לאן4 קח חשב לך קח חשב שים לאן4 לך לאן6 קח לך קח חשב שים קח קח לאן5 לך חשב שים לאן5 לך לאן4 קח לך שים
   🧹 ניקוי: 118 ⇐ 60 פעולות
   ⏱️ שיפור: 11736ms · סופי 60 פעולות
✓ מחבר מספרים (2 ביטים + 2 ביטים) · 48/48 · סבבים 5 · נבדקו 1105878 · 233630ms · השתמש ב: חצי-מחבר (סכום, נשא), חצי-מחבר (סכום, נשא), שווה (ביט), בורר (אם ג אז א אחרת ב), העתק
   לאן3 לך קח לאן1 קח חשב לך קח קח לאן8 חשב חשב לך שים לאן3 לך לאן1 קח לך לאן8 קח חשב לך קח חשב שים קח קח לאן6 לך חשב שים לאן3 לך לאן1 קח לך קח חשב שים קח קח לאן4 לך חשב שים לאן0 לך קח לאן2 קח חשב לך קח קח לאן8 חשב חשב לך שים לאן0 לך לאן2 קח לך לאן8 קח חשב לך קח חשב שים קח קח לאן4 לך חשב שים לאן0 לך לאן2 קח לך קח חשב שים קח קח לאן7 לך חשב שים לאן1 לך קח לאן4 קח חשב לך קח קח לאן5 חשב חשב לך שים לאן1 לך לאן4 קח לך לאן5 קח חשב לך קח חשב שים לאן1 לך לאן2 לך קח לאן4 קח חשב לך קח קח לאן8 חשב חשב לך שים לאן1 קח לך לאן4 קח חשב לך לאן8 קח חשב לך קח חשב שים קח קח לאן7 לך חשב שים לאן8 לך לאן4 קח לך שים
   🧹 ניקוי: 160 ⇐ 128 פעולות
   ⏱️ שיפור: 62322ms · סופי 128 פעולות
✓ גדול-מ (מספר של 2 ביטים) · 16/16 · סבבים 8 · נבדקו 235508 · 56253ms · השתמש ב: לא, וגם, העתק, וגם, וגם, או, וגם, בורר (אם ג אז א אחרת ב)
   לאן2 לך קח קח לאן5 לך חשב שים לאן0 לך לאן5 קח לך קח חשב שים קח קח לאן4 לך חשב שים לאן0 לך לאן5 קח לך שים לאן1 לך לאן3 קח לך קח חשב שים קח קח לאן6 לך חשב שים לאן1 לך לאן3 קח לך קח חשב שים קח קח לאן6 לך חשב שים לאן4 לך קח לאן6 קח חשב לך קח קח לאן5 חשב חשב לך שים לאן5 לך לאן2 קח לך קח חשב שים קח קח לאן6 לך חשב שים לאן0 לך לאן5 לך קח לאן6 קח חשב לך קח קח לאן1 חשב חשב לך שים לאן0 קח לך לאן6 קח חשב לך לאן1 קח חשב לך קח חשב שים קח קח לאן4 לך חשב שים
   🧹 ניקוי: 120 ⇐ 46 פעולות
   ⏱️ שיפור: 2317ms · סופי 46 פעולות
