✓ העתק · 2/2 · סבבים 4 · נבדקו 144 · 15ms
   לאן2 קח לך שים
✓ לא · 2/2 · סבבים 5 · נבדקו 2350 · 189ms · השתמש ב: העתק
   קח קח חשב שים לאן0 לך לאן2 קח לך שים
✓ וגם · 4/4 · סבבים 6 · נבדקו 12596 · 572ms · השתמש ב: העתק, לא
   קח לאן1 לך לאן3 קח לך שים קח חשב שים לאן3 לך קח קח חשב שים לאן3 לך לאן2 קח לך שים
✓ או · 4/4 · סבבים 12 · נבדקו 40551 · 3493ms · השתמש ב: העתק, העתק
   לאן0 לך לאן2 קח לך שים לאן1 קח קח לך חשב קח קח חשב חשב שים לאן1 לך לאן2 קח לך שים
✓ שונה (XOR) · 4/4 · סבבים 8 · נבדקו 32968 · 3582ms · השתמש ב: או, וגם
   קח לאן1 לך לאן1 לך לאן2 קח לך שים לאן0 קח קח לך חשב קח קח חשב חשב שים לאן0 לך לאן2 קח לך שים לאן1 לך קח חשב שים לאן0 לך קח לאן1 לך לאן5 קח לך שים קח חשב שים לאן5 לך קח קח חשב שים לאן5 לך לאן2 קח לך שים
✓ חצי-מחבר (סכום, נשא) · 8/8 · סבבים 2 · נבדקו 5116 · 237ms · השתמש ב: שונה (XOR), לא
   לאן0 לך קח לאן1 לך לאן1 לך לאן2 קח לך שים לאן0 קח קח לך חשב קח קח חשב חשב שים לאן0 לך לאן2 קח לך שים לאן1 לך קח חשב שים לאן0 לך קח לאן1 לך לאן5 קח לך שים קח חשב שים לאן5 לך קח קח חשב שים לאן5 לך לאן2 קח לך שים לאן1 לך קח קח חשב שים לאן1 לך לאן3 קח לך שים
✓ מחבר-מלא (3 ביטים ⇒ סכום, נשא) · 16/16 · סבבים 3 · נבדקו 88694 · 8775ms · השתמש ב: חצי-מחבר (סכום, נשא), חצי-מחבר (סכום, נשא), או
   לאן0 לך לאן0 לך קח לאן1 לך לאן1 לך לאן3 קח לך שים לאן0 קח קח לך חשב קח קח חשב חשב שים לאן0 לך לאן3 קח לך שים לאן1 לך קח חשב שים לאן0 לך קח לאן1 לך לאן6 קח לך שים קח חשב שים לאן6 לך קח קח חשב שים לאן6 לך לאן3 קח לך שים לאן1 לך קח קח חשב שים לאן1 לך לאן4 קח לך שים לאן2 לך לאן2 לך קח לאן6 לך לאן6 לך לאן3 קח לך שים לאן2 קח קח לך חשב קח קח חשב חשב שים לאן2 לך לאן3 קח לך שים לאן6 לך קח חשב שים לאן2 לך קח לאן6 לך לאן5 קח לך שים קח חשב שים לאן5 לך קח קח חשב שים לאן5 לך לאן3 קח לך שים לאן6 לך קח קח חשב שים לאן6 לך לאן4 קח לך שים לאן1 לך לאן1 לך לאן5 קח לך שים לאן4 קח קח לך חשב קח קח חשב חשב שים לאן4 לך לאן5 קח לך שים
✓ שווה (ביט) · 4/4 · סבבים 2 · נבדקו 8530 · 735ms · השתמש ב: לא, שונה (XOR)
   לאן0 לך קח קח חשב שים לאן0 לך לאן2 קח לך שים לאן0 לך קח לאן1 לך לאן1 לך לאן2 קח לך שים לאן0 קח קח לך חשב קח קח חשב חשב שים לאן0 לך לאן2 קח לך שים לאן1 לך קח חשב שים לאן0 לך קח לאן1 לך לאן5 קח לך שים קח חשב שים לאן5 לך קח קח חשב שים לאן5 לך לאן2 קח לך שים
✓ בורר (אם ג אז א אחרת ב) · 8/8 · סבבים 13 · נבדקו 128211 · 21710ms · השתמש ב: וגם, או, וגם
   לאן0 לך קח לאן2 לך לאן5 קח לך שים קח חשב שים לאן5 לך קח קח חשב שים לאן5 לך לאן3 קח לך שים לאן1 לך לאן1 לך לאן4 קח לך שים לאן3 קח קח לך חשב קח קח חשב חשב שים לאן3 לך לאן4 קח לך שים לאן0 לך לאן2 קח קח לך חשב קח חשב שים לאן2 לך קח לאן4 לך לאן5 קח לך שים קח חשב שים לאן5 לך קח קח חשב שים לאן5 לך לאן3 קח לך שים
✗ שווה (מספר של 2 ביטים) · 12/16 · סבבים 11 · נבדקו 211916 · 117369ms
✓ מחבר מספרים (2 ביטים + 2 ביטים) · 48/48 · סבבים 2 · נבדקו 303089 · 86098ms · השתמש ב: חצי-מחבר (סכום, נשא), מחבר-מלא (3 ביטים ⇒ סכום, נשא)
   לאן1 לך לאן1 לך קח לאן3 לך לאן3 לך לאן6 קח לך שים לאן1 קח קח לך חשב קח קח חשב חשב שים לאן1 לך לאן6 קח לך שים לאן3 לך קח חשב שים לאן1 לך קח לאן3 לך לאן8 קח לך שים קח חשב שים לאן8 לך קח קח חשב שים לאן8 לך לאן6 קח לך שים לאן3 לך קח קח חשב שים לאן3 לך לאן4 קח לך שים לאן0 לך לאן0 לך לאן0 לך קח לאן2 לך לאן2 לך לאן5 קח לך שים לאן0 קח קח לך חשב קח קח חשב חשב שים לאן0 לך לאן5 קח לך שים לאן2 לך קח חשב שים לאן0 לך קח לאן2 לך לאן8 קח לך שים קח חשב שים לאן8 לך קח קח חשב שים לאן8 לך לאן5 קח לך שים לאן2 לך קח קח חשב שים לאן2 לך לאן4 קח לך שים לאן3 לך לאן3 לך קח לאן8 לך לאן8 לך לאן5 קח לך שים לאן3 קח קח לך חשב קח קח חשב חשב שים לאן3 לך לאן5 קח לך שים לאן8 לך קח חשב שים לאן3 לך קח לאן8 לך לאן7 קח לך שים קח חשב שים לאן7 לך קח קח חשב שים לאן7 לך לאן5 קח לך שים לאן8 לך קח קח חשב שים לאן8 לך לאן4 קח לך שים לאן2 לך לאן2 לך לאן7 קח לך שים לאן4 קח קח לך חשב קח קח חשב חשב שים לאן4 לך לאן7 קח לך שים
✓ גדול-מ (מספר של 2 ביטים) · 16/16 · סבבים 3 · נבדקו 30942 · 18615ms · השתמש ב: שווה (ביט), מחבר-מלא (3 ביטים ⇒ סכום, נשא), שווה (ביט)
   לאן1 לך לאן1 לך קח קח חשב שים לאן1 לך לאן5 קח לך שים לאן1 לך קח לאן3 לך לאן3 לך לאן5 קח לך שים לאן1 קח קח לך חשב קח קח חשב חשב שים לאן1 לך לאן5 קח לך שים לאן3 לך קח חשב שים לאן1 לך קח לאן3 לך לאן6 קח לך שים קח חשב שים לאן6 לך קח קח חשב שים לאן6 לך לאן5 קח לך שים לאן1 לך לאן1 לך לאן1 לך קח לאן2 לך לאן2 לך לאן5 קח לך שים לאן1 קח קח לך חשב קח קח חשב חשב שים לאן1 לך לאן5 קח לך שים לאן2 לך קח חשב שים לאן1 לך קח לאן2 לך לאן6 קח לך שים קח חשב שים לאן6 לך קח קח חשב שים לאן6 לך לאן5 קח לך שים לאן2 לך קח קח חשב שים לאן2 לך לאן4 קח לך שים לאן0 לך לאן0 לך קח לאן6 לך לאן6 לך לאן5 קח לך שים לאן0 קח קח לך חשב קח קח חשב חשב שים לאן0 לך לאן5 קח לך שים לאן6 לך קח חשב שים לאן0 לך קח לאן6 לך לאן3 קח לך שים קח חשב שים לאן3 לך קח קח חשב שים לאן3 לך לאן5 קח לך שים לאן6 לך קח קח חשב שים לאן6 לך לאן4 קח לך שים לאן2 לך לאן2 לך לאן3 קח לך שים לאן4 קח קח לך חשב קח קח חשב חשב שים לאן4 לך לאן3 קח לך שים לאן1 לך לאן1 לך קח קח חשב שים לאן1 לך לאן4 קח לך שים לאן1 לך קח לאן6 לך לאן6 לך לאן4 קח לך שים לאן1 קח קח לך חשב קח קח חשב חשב שים לאן1 לך לאן4 קח לך שים לאן6 לך קח חשב שים לאן1 לך קח לאן6 לך לאן5 קח לך שים קח חשב שים לאן5 לך קח קח חשב שים לאן5 לך לאן4 קח לך שים
