✓ העתק · 2/2 · סבבים 4 · נבדקו 144 · 11ms
   לאן2 קח לך שים
   🧹 ניקוי: 4 ⇐ 4 פעולות
✓ לא · 2/2 · סבבים 5 · נבדקו 2515 · 176ms · השתמש ב: העתק
   קח קח חשב לאן1 לך לאן2 קח לך שים שים
   🧹 ניקוי: 10 ⇐ 6 פעולות
✓ וגם · 4/4 · סבבים 7 · נבדקו 15821 · 603ms · השתמש ב: לא
   לאן1 קח לך קח חשב שים לאן1 לך קח קח לאן2 לך חשב שים
   🧹 ניקוי: 14 ⇐ 12 פעולות
✓ או · 4/4 · סבבים 4 · נבדקו 14763 · 655ms · השתמש ב: לא, וגם, וגם, העתק
   לאן0 לך קח קח לאן3 לך חשב שים לאן3 לך לאן1 קח לך קח חשב שים קח קח לאן2 לך חשב שים לאן1 לך לאן3 קח לך קח חשב שים קח קח לאן4 לך חשב שים לאן3 לך לאן2 קח לך שים
   🧹 ניקוי: 42 ⇐ 12 פעולות
✓ שונה (XOR) · 4/4 · סבבים 3 · נבדקו 13872 · 492ms · השתמש ב: או, וגם, וגם
   לאן0 לך קח לאן1 קח חשב לך קח קח לאן3 חשב חשב לך שים לאן0 לך לאן1 קח לך קח חשב שים קח קח לאן4 לך חשב שים לאן1 לך לאן3 קח לך קח חשב שים קח קח לאן2 לך חשב שים
   🧹 ניקוי: 42 ⇐ 30 פעולות
✓ חצי-מחבר (סכום, נשא) · 8/8 · סבבים 2 · נבדקו 2506 · 143ms · השתמש ב: שונה (XOR), וגם
   לאן0 לך קח לאן1 קח חשב לך קח קח לאן5 חשב חשב לך שים לאן0 לך לאן1 קח לך לאן5 קח חשב לך קח חשב שים קח קח לאן2 לך חשב שים לאן0 לך לאן1 קח לך קח חשב שים קח קח לאן3 לך חשב שים
   🧹 ניקוי: 46 ⇐ 44 פעולות
✓ מחבר-מלא (3 ביטים ⇒ סכום, נשא) · 16/16 · סבבים 3 · נבדקו 115958 · 6668ms · השתמש ב: חצי-מחבר (סכום, נשא), חצי-מחבר (סכום, נשא), שונה (XOR)
   לאן0 לך קח לאן1 קח חשב לך קח קח לאן6 חשב חשב לך שים לאן0 לך לאן1 קח לך לאן6 קח חשב לך קח חשב שים קח קח לאן5 לך חשב שים לאן0 לך לאן1 קח לך קח חשב שים קח קח לאן4 לך חשב שים לאן2 לך קח לאן5 קח חשב לך קח קח לאן6 חשב חשב לך שים לאן2 לך לאן5 קח לך לאן6 קח חשב לך קח חשב שים קח קח לאן3 לך חשב שים לאן2 לך לאן5 קח לך קח חשב שים קח קח לאן4 לך חשב שים לאן1 לך קח לאן5 קח חשב לך קח קח לאן6 חשב חשב לך שים לאן1 לך לאן5 קח לך לאן6 קח חשב לך קח חשב שים קח קח לאן4 לך חשב שים
   🧹 ניקוי: 124 ⇐ 80 פעולות
✓ שווה (ביט) · 4/4 · סבבים 1 · נבדקו 283 · 23ms · השתמש ב: מחבר-מלא (3 ביטים ⇒ סכום, נשא)
   לאן0 לך קח לאן1 קח חשב לך קח קח לאן2 חשב חשב לך שים לאן0 לך לאן1 קח לך לאן2 קח חשב לך קח חשב שים קח קח לאן לך חשב שים לאן0 לך לאן1 קח לך קח חשב שים לאן3 לך קח קח חשב לאן2 לך קח חשב שים לאן3 לך לאן קח לך לאן2 קח חשב לך קח חשב שים קח קח לאן4 לך חשב שים לאן3 לך לאן קח לך לאן1 קח חשב לך קח לאן5 לך חשב שים
   🧹 ניקוי: 82 ⇐ 24 פעולות
✓ בורר (אם ג אז א אחרת ב) · 8/8 · סבבים 2 · נבדקו 15237 · 827ms · השתמש ב: שונה (XOR), מחבר-מלא (3 ביטים ⇒ סכום, נשא)
   לאן1 לך קח לאן2 קח חשב לך קח קח לאן5 חשב חשב לך שים לאן1 לך לאן2 קח לך לאן5 קח חשב לך קח חשב שים קח קח לאן4 לך חשב שים לאן0 לך קח לאן1 קח חשב לך קח קח לאן2 חשב חשב לך שים לאן0 לך לאן1 קח לך לאן2 קח חשב לך קח חשב שים קח קח לאן לך חשב שים לאן0 לך לאן1 קח לך קח חשב שים לאן4 לך קח קח חשב לאן2 לך קח חשב שים לאן4 לך לאן קח לך לאן2 קח חשב לך קח חשב שים קח קח לאן5 לך חשב שים לאן4 לך לאן קח לך לאן1 קח חשב לך קח לאן3 לך חשב שים
   🧹 ניקוי: 114 ⇐ 64 פעולות
✓ שווה (מספר של 2 ביטים) · 16/16 · סבבים 8 · נבדקו 122762 · 70567ms · השתמש ב: העתק, העתק, וגם, העתק, שווה (ביט), וגם, שווה (ביט), וגם
   לאן0 לך לאן5 קח לך שים לאן1 לך לאן6 קח לך שים לאן3 לך לאן6 קח לך קח חשב שים קח קח לאן4 לך חשב שים לאן4 לך לאן5 קח לך שים לאן0 לך קח לאן2 קח חשב לך קח קח לאן6 חשב חשב לך שים לאן0 לך לאן2 קח לך לאן6 קח חשב לך קח חשב שים לאן6 לך לאן5 קח לך קח חשב שים קח קח לאן4 לך חשב שים לאן1 לך קח לאן3 קח חשב לך קח קח לאן5 חשב חשב לך שים לאן1 לך לאן3 קח לך לאן5 קח חשב לך קח חשב שים לאן5 לך לאן6 קח לך קח חשב שים קח קח לאן4 לך חשב שים
   🧹 ניקוי: 112 ⇐ 60 פעולות
✓ מחבר מספרים (2 ביטים + 2 ביטים) · 48/48 · סבבים 3 · נבדקו 806931 · 204396ms · השתמש ב: מחבר-מלא (3 ביטים ⇒ סכום, נשא), מחבר-מלא (3 ביטים ⇒ סכום, נשא), שונה (XOR)
   לאן1 לך קח לאן5 קח חשב לך קח קח לאן8 חשב חשב לך שים לאן1 לך לאן5 קח לך לאן8 קח חשב לך קח חשב שים קח קח לאן4 לך חשב שים לאן1 לך לאן5 קח לך קח חשב שים לאן3 לך קח קח חשב לאן8 לך קח חשב שים לאן3 לך לאן4 קח לך לאן8 קח חשב לך קח חשב שים קח קח לאן7 לך חשב שים לאן3 לך לאן4 קח לך לאן5 קח חשב לך קח לאן6 לך חשב שים לאן0 לך קח לאן6 קח חשב לך קח קח לאן8 חשב חשב לך שים לאן0 לך לאן6 קח לך לאן8 קח חשב לך קח חשב שים קח קח לאן7 לך חשב שים לאן0 לך לאן6 קח לך קח חשב שים לאן2 לך קח קח חשב לאן8 לך קח חשב שים לאן2 לך לאן7 קח לך לאן8 קח חשב לך קח חשב שים קח קח לאן5 לך חשב שים לאן2 לך לאן7 קח לך לאן6 קח חשב לך קח לאן4 לך חשב שים לאן1 לך קח לאן3 קח חשב לך קח קח לאן8 חשב חשב לך שים לאן1 לך לאן3 קח לך לאן8 קח חשב לך קח חשב שים קח קח לאן6 לך חשב שים
   🧹 ניקוי: 196 ⇐ 134 פעולות
✓ גדול-מ (מספר של 2 ביטים) · 16/16 · סבבים 3 · נבדקו 98790 · 58178ms · השתמש ב: מחבר מספרים (2 ביטים + 2 ביטים), שווה (מספר של 2 ביטים), מחבר מספרים (2 ביטים + 2 ביטים)
   לאן1 לך לאן0 לך קח קח לאן5 לך שים לאן6 קח לך קח חשב שים לאן2 לך לאן5 קח לך לאן6 קח חשב לך קח לאן4 לך חשב לאן1 שים קח קח חשב לך קח קח לאן חשב חשב לך שים לאן1 לך לאן4 קח לך לאן קח חשב לך קח חשב שים קח קח לאן לך חשב שים לאן1 לך לאן4 קח לך קח חשב שים לאן3 לך קח קח חשב לאן לך קח חשב שים לאן3 לך לאן קח לך לאן קח חשב לך קח חשב לאן6 לך קח חשב שים לאן3 לך לאן קח לך לאן4 קח חשב לך קח לאן5 לך חשב שים לאן0 לך קח לאן2 קח חשב לך קח קח לאן חשב חשב לך שים לאן2 לך לאן קח חשב לך קח חשב שים קח קח לאן4 לך חשב שים לאן2 לך קח לאן6 קח חשב לך קח קח לאן1 חשב חשב לך שים לאן2 לך לאן6 קח לך לאן1 קח חשב לך קח חשב שים לאן0 לך קח לאן5 קח חשב לך קח קח לאן3 חשב חשב לך שים לאן0 לך לאן5 קח לך לאן3 קח חשב לך לאן1 קח חשב לך קח חשב שים קח קח לאן4 לך חשב שים לאן1 לך לאן0 לך קח קח לאן5 לך שים לאן4 קח לך קח חשב שים לאן3 לך לאן5 קח לך לאן4 קח חשב לך קח לאן6 לך חשב לאן1 שים קח קח חשב לך קח קח לאן חשב חשב לך שים לאן1 לך לאן6 קח לך לאן קח חשב לך קח חשב שים קח קח לאן לך חשב שים לאן1 לך לאן6 קח לך קח חשב שים לאן2 לך קח קח חשב לאן לך קח חשב שים לאן2 לך לאן קח לך לאן קח חשב לך קח חשב לאן4 לך קח חשב שים לאן2 לך לאן קח לך לאן6 קח חשב לך קח לאן5 לך חשב שים לאן0 לך קח לאן3 קח חשב לך קח קח לאן חשב חשב לך שים לאן3 לך לאן קח חשב לך קח חשב שים קח קח לאן6 לך חשב שים
   🧹 ניקוי: 334 ⇐ 94 פעולות
