✓ העתק · 2/2 · סבבים 4 · נבדקו 144 · 10ms
   לאן2 קח לך שים
✓ לא · 2/2 · סבבים 5 · נבדקו 2833 · 152ms · השתמש ב: העתק
   קח קח חשב שים לאן0 לך לאן2 קח לך שים
✓ וגם · 4/4 · סבבים 6 · נבדקו 20477 · 650ms · השתמש ב: העתק, לא
   קח לאן1 לך לאן0 קח לך שים קח חשב שים לאן0 לך קח קח חשב שים לאן0 לך לאן2 קח לך שים
✓ או · 4/4 · סבבים 9 · נבדקו 49006 · 3268ms · השתמש ב: העתק
   קח קח לאן1 לך לאן2 קח לך שים חשב קח קח חשב חשב שים
✓ שונה (XOR) · 4/4 · סבבים 8 · נבדקו 47475 · 4642ms · השתמש ב: או, וגם
   קח לאן0 לך קח קח לאן1 לך לאן2 קח לך שים חשב קח קח חשב חשב שים לאן1 לך קח חשב שים לאן2 לך קח לאן1 לך לאן2 קח לך שים קח חשב שים לאן2 לך קח קח חשב שים לאן2 לך לאן0 קח לך שים
✓ חצי-מחבר (סכום, נשא) · 8/8 · סבבים 2 · נבדקו 6521 · 324ms · השתמש ב: שונה (XOR), לא
   לאן0 לך קח לאן0 לך קח קח לאן1 לך לאן2 קח לך שים חשב קח קח חשב חשב שים לאן1 לך קח חשב שים לאן2 לך קח לאן1 לך לאן2 קח לך שים קח חשב שים לאן2 לך קח קח חשב שים לאן2 לך לאן0 קח לך שים לאן1 לך קח קח חשב שים לאן1 לך לאן3 קח לך שים
✓ מחבר-מלא (3 ביטים ⇒ סכום, נשא) · 16/16 · סבבים 3 · נבדקו 144284 · 9318ms · השתמש ב: חצי-מחבר (סכום, נשא), חצי-מחבר (סכום, נשא), או
   לאן0 לך לאן0 לך קח לאן0 לך קח קח לאן1 לך לאן3 קח לך שים חשב קח קח חשב חשב שים לאן1 לך קח חשב שים לאן3 לך קח לאן1 לך לאן3 קח לך שים קח חשב שים לאן3 לך קח קח חשב שים לאן3 לך לאן0 קח לך שים לאן1 לך קח קח חשב שים לאן1 לך לאן4 קח לך שים לאן0 לך לאן0 לך קח לאן0 לך קח קח לאן2 לך לאן3 קח לך שים חשב קח קח חשב חשב שים לאן2 לך קח חשב שים לאן3 לך קח לאן2 לך לאן3 קח לך שים קח חשב שים לאן3 לך קח קח חשב שים לאן3 לך לאן0 קח לך שים לאן2 לך קח קח חשב שים לאן2 לך לאן4 קח לך שים לאן1 לך קח קח לאן2 לך לאן4 קח לך שים חשב קח קח חשב חשב שים
✓ שווה (ביט) · 4/4 · סבבים 2 · נבדקו 17062 · 1293ms · השתמש ב: לא, שונה (XOR)
   לאן0 לך קח קח חשב שים לאן0 לך לאן2 קח לך שים לאן0 לך קח לאן0 לך קח קח לאן1 לך לאן2 קח לך שים חשב קח קח חשב חשב שים לאן1 לך קח חשב שים לאן2 לך קח לאן1 לך לאן2 קח לך שים קח חשב שים לאן2 לך קח קח חשב שים לאן2 לך לאן0 קח לך שים
✓ בורר (אם ג אז א אחרת ב) · 8/8 · סבבים 3 · נבדקו 62400 · 6624ms · השתמש ב: וגם, או, מחבר-מלא (3 ביטים ⇒ סכום, נשא)
   לאן0 לך קח לאן2 לך לאן0 קח לך שים קח חשב שים לאן0 לך קח קח חשב שים לאן0 לך לאן3 קח לך שים לאן1 לך קח קח לאן2 לך לאן4 קח לך שים חשב קח קח חשב חשב שים לאן0 לך לאן0 לך לאן0 לך קח לאן0 לך קח קח לאן2 לך לאן3 קח לך שים חשב קח קח חשב חשב שים לאן2 לך קח חשב שים לאן3 לך קח לאן2 לך לאן3 קח לך שים קח חשב שים לאן3 לך קח קח חשב שים לאן3 לך לאן0 קח לך שים לאן2 לך קח קח חשב שים לאן2 לך לאן1 קח לך שים לאן0 לך לאן0 לך קח לאן0 לך קח קח לאן4 לך לאן3 קח לך שים חשב קח קח חשב חשב שים לאן4 לך קח חשב שים לאן3 לך קח לאן4 לך לאן3 קח לך שים קח חשב שים לאן3 לך קח קח חשב שים לאן3 לך לאן0 קח לך שים לאן4 לך קח קח חשב שים לאן4 לך לאן1 קח לך שים לאן2 לך קח קח לאן4 לך לאן1 קח לך שים חשב קח קח חשב חשב שים
✗ שווה (מספר של 2 ביטים) · 12/16 · סבבים 11 · נבדקו 394217 · 138015ms
✓ מחבר מספרים (2 ביטים + 2 ביטים) · 48/48 · סבבים 4 · נבדקו 462012 · 61035ms · השתמש ב: שונה (XOR), חצי-מחבר (סכום, נשא), שווה (ביט), שווה (ביט)
   לאן1 לך קח לאן1 לך קח קח לאן3 לך לאן6 קח לך שים חשב קח קח חשב חשב שים לאן3 לך קח חשב שים לאן6 לך קח לאן3 לך לאן6 קח לך שים קח חשב שים לאן6 לך קח קח חשב שים לאן6 לך לאן1 קח לך שים לאן0 לך לאן0 לך קח לאן0 לך קח קח לאן2 לך לאן5 קח לך שים חשב קח קח חשב חשב שים לאן2 לך קח חשב שים לאן5 לך קח לאן2 לך לאן5 קח לך שים קח חשב שים לאן5 לך קח קח חשב שים לאן5 לך לאן0 קח לך שים לאן2 לך קח קח חשב שים לאן2 לך לאן4 קח לך שים לאן3 לך לאן3 לך קח קח חשב שים לאן3 לך לאן5 קח לך שים לאן3 לך קח לאן3 לך קח קח לאן0 לך לאן5 קח לך שים חשב קח קח חשב חשב שים לאן0 לך קח חשב שים לאן5 לך קח לאן0 לך לאן5 קח לך שים קח חשב שים לאן5 לך קח קח חשב שים לאן5 לך לאן3 קח לך שים לאן0 לך לאן0 לך קח קח חשב שים לאן0 לך לאן4 קח לך שים לאן0 לך קח לאן0 לך קח קח לאן2 לך לאן4 קח לך שים חשב קח קח חשב חשב שים לאן2 לך קח חשב שים לאן4 לך קח לאן2 לך לאן4 קח לך שים קח חשב שים לאן4 לך קח קח חשב שים לאן4 לך לאן0 קח לך שים
✓ גדול-מ (מספר של 2 ביטים) · 16/16 · סבבים 3 · נבדקו 96251 · 28139ms · השתמש ב: לא, לא, מחבר מספרים (2 ביטים + 2 ביטים)
   לאן2 לך קח קח חשב שים לאן2 לך לאן4 קח לך שים לאן3 לך קח קח חשב שים לאן3 לך לאן5 קח לך שים לאן0 לך לאן1 לך קח לאן1 לך קח קח לאן3 לך לאן5 קח לך שים חשב קח קח חשב חשב שים לאן3 לך קח חשב שים לאן5 לך קח לאן3 לך לאן5 קח לך שים קח חשב שים לאן5 לך קח קח חשב שים לאן5 לך לאן1 קח לך שים לאן0 לך לאן0 לך קח לאן0 לך קח קח לאן2 לך לאן6 קח לך שים חשב קח קח חשב חשב שים לאן2 לך קח חשב שים לאן6 לך קח לאן2 לך לאן6 קח לך שים קח חשב שים לאן6 לך קח קח חשב שים לאן6 לך לאן0 קח לך שים לאן2 לך קח קח חשב שים לאן2 לך לאן4 קח לך שים לאן3 לך לאן3 לך קח קח חשב שים לאן3 לך לאן6 קח לך שים לאן3 לך קח לאן3 לך קח קח לאן0 לך לאן6 קח לך שים חשב קח קח חשב חשב שים לאן0 לך קח חשב שים לאן6 לך קח לאן0 לך לאן6 קח לך שים קח חשב שים לאן6 לך קח קח חשב שים לאן6 לך לאן3 קח לך שים לאן0 לך לאן0 לך קח קח חשב שים לאן0 לך לאן4 קח לך שים לאן0 לך קח לאן0 לך קח קח לאן2 לך לאן4 קח לך שים חשב קח קח חשב חשב שים לאן2 לך קח חשב שים לאן4 לך קח לאן2 לך לאן4 קח לך שים קח חשב שים לאן4 לך קח קח חשב שים לאן4 לך לאן0 קח לך שים
✗ חפש ברשימה (האם x ברשימה של 2) · 44/64 · סבבים 13 · נבדקו 331636 · 1104451ms
