✓ העתק · 2/2 · סבבים 4 · נבדקו 144 · 8ms
   לאן2 קח לך שים
   🧹 ניקוי: 4 ⇐ 4 פעולות
✓ לא · 2/2 · סבבים 5 · נבדקו 2515 · 147ms · השתמש ב: העתק
   קח קח חשב לאן1 לך לאן2 קח לך שים שים
   🧹 ניקוי: 10 ⇐ 8 פעולות
✓ וגם · 4/4 · סבבים 7 · נבדקו 15821 · 588ms · השתמש ב: לא
   לאן1 קח לך קח חשב שים לאן1 לך קח קח חשב לאן2 קח לך שים שים
   🧹 ניקוי: 16 ⇐ 14 פעולות
✓ או · 4/4 · סבבים 4 · נבדקו 14763 · 688ms · השתמש ב: לא, וגם, וגם, העתק
   לאן0 לך קח קח חשב לאן3 קח לך שים שים לאן3 לך לאן1 קח לך קח חשב שים קח קח חשב לאן2 קח לך שים שים לאן1 לך לאן3 קח לך קח חשב שים קח קח חשב לאן4 קח לך שים שים לאן3 לך לאן2 קח לך שים
   🧹 ניקוי: 48 ⇐ 24 פעולות
✓ שונה (XOR) · 4/4 · סבבים 11 · נבדקו 100808 · 6238ms · השתמש ב: העתק, וגם, העתק, העתק, העתק, וגם, העתק, העתק, העתק, וגם, או
   לאן0 לך לאן2 קח לך שים לאן1 לך לאן2 קח לך קח חשב שים קח קח חשב לאן3 קח לך שים שים לאן0 לך לאן3 קח לך שים לאן0 לך לאן4 קח לך שים לאן0 לך לאן5 קח לך שים לאן2 לך לאן1 קח לך קח חשב שים קח קח חשב לאן3 קח לך שים שים לאן3 לך לאן4 קח לך שים לאן2 לך לאן3 קח לך שים לאן4 לך לאן2 קח לך שים לאן0 לך לאן3 קח לך קח חשב שים קח קח חשב לאן5 קח לך שים שים לאן4 לך קח קח חשב לאן3 קח לך שים שים לאן5 קח לך קח חשב שים לאן3 קח לך קח חשב שים לאן2 קח לך שים
   🧹 ניקוי: 116 ⇐ 68 פעולות
✓ חצי-מחבר (סכום, נשא) · 8/8 · סבבים 3 · נבדקו 27171 · 1143ms · השתמש ב: לא, שונה (XOR), לא
   לאן0 לך קח קח חשב לאן4 קח לך שים שים לאן4 לך לאן5 קח לך שים לאן1 לך לאן5 קח לך קח חשב שים לאן1 קח לך קח חשב שים קח קח חשב שים לאן3 קח לך שים לאן5 לך לאן4 קח לך קח חשב שים קח קח חשב לאן2 קח לך שים שים לאן3 לך קח קח חשב לאן0 קח לך שים שים לאן2 קח לך קח חשב שים לאן0 קח לך קח חשב שים לאן5 קח לך שים לאן0 לך קח קח חשב לאן2 קח לך שים שים
   🧹 ניקוי: 90 ⇐ 80 פעולות
✓ מחבר-מלא (3 ביטים ⇒ סכום, נשא) · 16/16 · סבבים 3 · נבדקו 74292 · 6791ms · השתמש ב: חצי-מחבר (סכום, נשא), חצי-מחבר (סכום, נשא), או
   לאן0 לך קח קח חשב לאן6 קח לך שים שים לאן3 קח לך שים לאן1 לך לאן3 קח לך קח חשב שים לאן1 קח לך קח חשב שים קח קח חשב שים לאן4 קח לך שים לאן3 לך לאן6 קח לך קח חשב שים קח קח חשב לאן5 קח לך שים שים לאן4 לך קח קח חשב לאן0 קח לך שים שים לאן5 קח לך קח חשב שים לאן0 קח לך קח חשב שים קח קח חשב לאן5 קח לך שים שים לאן2 לך קח קח חשב לאן6 קח לך שים שים לאן0 קח לך שים לאן5 לך לאן0 קח לך קח חשב שים לאן5 קח לך קח חשב שים קח קח חשב שים לאן4 קח לך שים לאן0 לך לאן6 קח לך קח חשב שים קח קח חשב לאן3 קח לך שים שים לאן4 לך קח קח חשב לאן2 קח לך שים שים לאן3 קח לך קח חשב שים לאן2 קח לך קח חשב שים קח קח חשב לאן3 קח לך שים שים לאן1 לך קח קח חשב לאן6 קח לך שים שים לאן5 קח לך קח חשב שים לאן6 קח לך קח חשב שים לאן4 קח לך שים
   🧹 ניקוי: 190 ⇐ 188 פעולות
✓ שווה (ביט) · 4/4 · סבבים 1 · נבדקו 259 · 27ms · השתמש ב: מחבר-מלא (3 ביטים ⇒ סכום, נשא)
   לאן0 לך קח קח חשב לאן5 קח לך שים שים לאן3 קח לך שים לאן1 לך לאן3 קח לך קח חשב שים לאן1 קח לך קח חשב שים קח קח חשב שים לאן4 קח לך שים לאן3 לך לאן5 קח לך קח חשב שים קח קח חשב לאן קח לך שים שים לאן4 לך קח קח חשב לאן0 קח לך שים שים לאן קח לך קח חשב שים לאן0 קח לך קח חשב שים קח קח חשב לאן קח לך שים שים לאן2 לך קח קח חשב לאן5 קח לך שים שים לאן0 קח לך שים לאן לך לאן0 קח לך קח חשב שים לאן קח לך קח חשב שים קח קח חשב שים לאן4 קח לך שים לאן0 לך לאן5 קח לך קח חשב שים קח קח חשב לאן3 קח לך שים שים לאן4 לך קח קח חשב לאן2 קח לך שים שים לאן3 קח לך קח חשב שים לאן2 קח לך קח חשב שים קח קח חשב לאן3 קח לך שים שים לאן1 לך קח קח חשב לאן5 קח לך שים שים לאן קח לך קח חשב שים לאן5 קח לך קח חשב שים לאן4 קח לך שים
   🧹 ניקוי: 190 ⇐ 92 פעולות
✓ בורר (אם ג אז א אחרת ב) · 8/8 · סבבים 3 · נבדקו 14804 · 3787ms · השתמש ב: או, וגם, וגם
   לאן2 לך קח קח חשב לאן5 קח לך שים שים לאן1 קח לך קח חשב שים לאן5 קח לך קח חשב שים לאן3 קח לך שים לאן0 לך לאן3 קח לך קח חשב שים קח קח חשב לאן4 קח לך שים שים לאן1 לך לאן3 קח לך קח חשב שים קח קח חשב לאן4 קח לך שים שים
   🧹 ניקוי: 58 ⇐ 42 פעולות
✗ שווה (מספר של 2 ביטים) · 13/16 · סבבים 16 · נבדקו 223619 · 270239ms
✓ מחבר מספרים (2 ביטים + 2 ביטים) · 48/48 · סבבים 2 · נבדקו 291611 · 112657ms · השתמש ב: חצי-מחבר (סכום, נשא), מחבר-מלא (3 ביטים ⇒ סכום, נשא)
   לאן1 לך קח קח חשב לאן8 קח לך שים שים לאן7 קח לך שים לאן3 לך לאן7 קח לך קח חשב שים לאן3 קח לך קח חשב שים קח קח חשב שים לאן4 קח לך שים לאן7 לך לאן8 קח לך קח חשב שים קח קח חשב לאן6 קח לך שים שים לאן4 לך קח קח חשב לאן1 קח לך שים שים לאן6 קח לך קח חשב שים לאן1 קח לך קח חשב שים קח קח חשב לאן6 קח לך שים שים לאן0 לך קח קח חשב לאן8 קח לך שים שים לאן5 קח לך שים לאן2 לך לאן5 קח לך קח חשב שים לאן2 קח לך קח חשב שים קח קח חשב שים לאן4 קח לך שים לאן5 לך לאן8 קח לך קח חשב שים קח קח חשב לאן7 קח לך שים שים לאן4 לך קח קח חשב לאן0 קח לך שים שים לאן7 קח לך קח חשב שים לאן0 קח לך קח חשב שים קח קח חשב לאן7 קח לך שים שים לאן3 לך קח קח חשב לאן8 קח לך שים שים לאן0 קח לך שים לאן7 לך לאן0 קח לך קח חשב שים לאן7 קח לך קח חשב שים קח קח חשב שים לאן4 קח לך שים לאן0 לך לאן8 קח לך קח חשב שים קח קח חשב לאן5 קח לך שים שים לאן4 לך קח קח חשב לאן3 קח לך שים שים לאן5 קח לך קח חשב שים לאן3 קח לך קח חשב שים קח קח חשב לאן5 קח לך שים שים לאן2 לך קח קח חשב לאן8 קח לך שים שים לאן7 קח לך קח חשב שים לאן8 קח לך קח חשב שים לאן4 קח לך שים
   🧹 ניקוי: 272 ⇐ 272 פעולות
✓ גדול-מ (מספר של 2 ביטים) · 16/16 · סבבים 5 · נבדקו 77294 · 64826ms · השתמש ב: לא, וגם, בורר (אם ג אז א אחרת ב), בורר (אם ג אז א אחרת ב), בורר (אם ג אז א אחרת ב)
   לאן2 לך קח קח חשב לאן5 קח לך שים שים לאן0 לך לאן5 קח לך קח חשב שים קח קח חשב לאן6 קח לך שים שים לאן6 לך לאן3 לך קח קח חשב לאן5 קח לך שים שים לאן1 קח לך קח חשב שים לאן5 קח לך קח חשב שים לאן4 קח לך שים לאן6 לך לאן4 קח לך קח חשב שים לאן1 לך לאן4 קח לך קח חשב שים לאן0 לך לאן4 לך קח קח חשב לאן1 קח לך שים שים לאן6 קח לך קח חשב שים לאן1 קח לך קח חשב שים לאן5 קח לך שים לאן0 לך לאן5 קח לך קח חשב שים לאן6 לך לאן5 קח לך קח חשב שים לאן5 לך לאן2 לך קח קח חשב לאן6 קח לך שים שים לאן1 קח לך קח חשב שים לאן6 קח לך קח חשב שים לאן4 קח לך שים לאן5 לך לאן4 קח לך קח חשב שים לאן1 לך לאן4 קח לך קח חשב שים
   🧹 ניקוי: 158 ⇐ 100 פעולות
