✓ העתק · 2/2 · סבבים 4 · נבדקו 144 · 13ms
   לאן2 קח לך שים
✓ לא · 2/2 · סבבים 5 · נבדקו 2400 · 128ms · השתמש ב: העתק
   קח קח חשב שים לאן0 לך לאן2 קח לך שים
✓ וגם · 4/4 · סבבים 7 · נבדקו 18323 · 621ms · השתמש ב: לא
   לאן1 קח לך קח חשב שים לאן1 לך קח קח חשב שים לאן1 לך לאן2 קח לך שים
✓ או · 4/4 · סבבים 12 · נבדקו 46024 · 1755ms · השתמש ב: העתק, העתק
   לאן0 לך לאן2 קח לך שים לאן1 קח קח לך חשב קח קח חשב חשב שים לאן1 לך לאן2 קח לך שים
✓ שונה (XOR) · 4/4 · סבבים 8 · נבדקו 40402 · 1876ms · השתמש ב: או, וגם
   קח לאן1 לך לאן1 לך לאן2 קח לך שים לאן0 קח קח לך חשב קח קח חשב חשב שים לאן0 לך לאן2 קח לך שים לאן1 לך קח חשב שים לאן0 לך לאן1 קח לך קח חשב שים לאן1 לך קח קח חשב שים לאן1 לך לאן2 קח לך שים
✓ חצי-מחבר (סכום, נשא) · 8/8 · סבבים 2 · נבדקו 6791 · 224ms · השתמש ב: שונה (XOR), שונה (XOR)
   לאן0 לך קח לאן1 לך לאן1 לך לאן2 קח לך שים לאן0 קח קח לך חשב קח קח חשב חשב שים לאן0 לך לאן2 קח לך שים לאן1 לך קח חשב שים לאן0 לך לאן1 קח לך קח חשב שים לאן1 לך קח קח חשב שים לאן1 לך לאן2 קח לך שים לאן0 לך קח לאן1 לך לאן1 לך לאן3 קח לך שים לאן0 קח קח לך חשב קח קח חשב חשב שים לאן0 לך לאן3 קח לך שים לאן1 לך קח חשב שים לאן0 לך לאן1 קח לך קח חשב שים לאן1 לך קח קח חשב שים לאן1 לך לאן3 קח לך שים
✗ מחבר-מלא (3 ביטים ⇒ סכום, נשא) · 15/16 · סבבים 15 · נבדקו 245443 · 29723ms
✓ שווה (ביט) · 4/4 · סבבים 2 · נבדקו 9943 · 345ms · השתמש ב: לא, שונה (XOR)
   לאן0 לך קח קח חשב שים לאן0 לך לאן2 קח לך שים לאן0 לך קח לאן1 לך לאן1 לך לאן2 קח לך שים לאן0 קח קח לך חשב קח קח חשב חשב שים לאן0 לך לאן2 קח לך שים לאן1 לך קח חשב שים לאן0 לך לאן1 קח לך קח חשב שים לאן1 לך קח קח חשב שים לאן1 לך לאן2 קח לך שים
✗ בורר (אם ג אז א אחרת ב) · 7/8 · סבבים 13 · נבדקו 211270 · 17565ms
✗ שווה (מספר של 2 ביטים) · 12/16 · סבבים 11 · נבדקו 223079 · 26407ms
✗ מחבר מספרים (2 ביטים + 2 ביטים) · 38/48 · סבבים 15 · נבדקו 406181 · 91656ms
✗ גדול-מ (מספר של 2 ביטים) · 14/16 · סבבים 13 · נבדקו 277198 · 38831ms
✗ חפש ברשימה (האם x ברשימה של 2) · 44/64 · סבבים 12 · נבדקו 253447 · 158321ms
