שלב 1: 22 פתרונות מ-12 משימות
שלב 2: 14 צירופים שונים · 6 חוזרים (2+ פעמים)
  ✓ גזור-והדבק: 104 → 102  (1.0 דק')
  סבב 1: 102
  ✓ חלק חדש «מקסימום נייד + מקסימום נייד» (נראה 2 פעמים · תאי-עבודה 4,6,7): 104 ⇒ 102
  ✓ גזור-והדבק: 92 → 90  (1.0 דק')
  סבב 1: 90
  ✓ חלק חדש «מינימום + מינימום» (נראה 2 פעמים · תאי-עבודה 4,6,7): 92 ⇒ 90
  ✓ גזור-והדבק: 55 → 45  (1.0 דק')
  סבב 1: 45
  ✓ חלק חדש «גדול מ- + העתק» (נראה 2 פעמים · תאי-עבודה 4,6,7): 55 ⇒ 45
  ✓ גזור-והדבק: 38 → 14  (1.0 דק')
  סבב 1: 14
  ✓ חלק חדש «ועוד 1 + ועוד 2» (נראה 2 פעמים · תאי-עבודה 4): 38 ⇒ 14
  ✓ גזור-והדבק: 32 → 12  (1.0 דק')
  סבב 1: 12
  ✓ חלק חדש «קבוע 1 + חיסור» (נראה 2 פעמים · תאי-עבודה 4): 32 ⇒ 12
  ✓ גזור-והדבק: 57 → 24  (1.0 דק')
  סבב 1: 24
  ✓ חלק חדש «פחות 1 + גדול או שווה» (נראה 2 פעמים · תאי-עבודה 4,6,7): 57 ⇒ 24
  סבב 1: 102
  סבב 1: 90
  סבב 1: 45
  סבב 1: 14
  סבב 1: 12
  סבב 1: 24
שלב 4:
  הגדול מבין שלושה: במדף 102 · עם החלק החדש 102 · בדיקה 20000/20000
  הקטן מבין שלושה: במדף 90 · עם החלק החדש 90 · בדיקה 20000/20000
  גדול או שווה: במדף 45 · עם החלק החדש 45 · בדיקה 20000/20000
  ועוד 3: במדף 14 · עם החלק החדש 14 · בדיקה 20000/20000
  פחות 1: במדף 12 · עם החלק החדש 12 · בדיקה 20000/20000
  אפס?: במדף 25 · עם החלק החדש 24 · בדיקה 20000/20000
