מתכון ש1 ממוצע הגדול והקטן = חיבור מספרים(הקטן מבין שלושה(תא0, תא1, תא3), חצי(מ10 טווח של שלושה(תא0, תא1, תא3)))
מתכון ש1 הגדול מבין א+ב ו-ג = חיסור(סכום שלושה(תא0, תא1, תא3), מינימום(תא3, חיבור מספרים(תא0, תא1)))
מתכון ש1 הקטן בריבוע = חזקת 2 (תא0 בריבוע)(מינימום(תא0, תא1))
מתכון ש2 חצי ההפרש בריבוע = חזקת 2 (תא0 בריבוע)(ש1 חצי ההפרש(תא0, תא1))
מתכון ש2 אם ג בין א ל-ב: הפרש ועוד ג, אחרת 0 = עזר: הגדול כפול הקטן(ש1 הפרש מוחלט ועוד ג(תא0, תא1, תא3), ש1 האם ג בין א ל-ב(תא0, תא1, תא3))
ש1 ממוצע הגדול והקטן: במדף 172 · פריסה: עץ 4 חלקים ⇒ 4 שונים · הידור-גרף 288 ✓
ש1 הגדול מבין א+ב ו-ג: במדף 54 · פריסה: עץ 4 חלקים ⇒ 4 שונים · הידור-גרף 82 ✓
ש1 הפרש מוחלט ועוד ג: במדף 64 · פריסה: עץ 2 חלקים ⇒ 2 שונים · הידור-גרף 74 ✓
ש1 האם ג בין א ל-ב: במדף 236 · פריסה: עץ 4 חלקים ⇒ 4 שונים · הידור-גרף 238 ✓
ש1 ממוצע כפול 2: במדף 25 · פריסה: עץ 3 חלקים ⇒ 2 שונים · הידור-גרף 49 ✓
ש1 הקטן בריבוע: במדף 65 · פריסה: עץ 2 חלקים ⇒ 2 שונים · הידור-גרף 71 ✓
ש1 א כפול ב ועוד א: במדף 35 · פריסה: עץ 2 חלקים ⇒ 2 שונים · הידור-גרף 49 ✓
ש1 סכום רווי פחות 1: במדף 156 · פריסה: עץ 5 חלקים ⇒ 5 שונים · הידור-גרף 156 ✓
ש1 שארית א+ב ב-3: במדף 171 · פריסה: עץ 6 חלקים ⇒ 6 שונים · הידור-גרף 229 ✓
ש1 חצי ההפרש: במדף 68 · פריסה: עץ 3 חלקים ⇒ 3 שונים · הידור-גרף 91 ✓
ש2 חצי ההפרש בריבוע: במדף 93 · פריסה: עץ 4 חלקים ⇒ 4 שונים · הידור-גרף 122 ✓
ש2 (א כפול ב ועוד א) שארית 3: במדף 74 · פריסה: עץ 3 חלקים ⇒ 3 שונים · הידור-גרף 103 ✓
ש2 סכום רווי פחות 1, כפול 2: במדף 76 · פריסה: עץ 11 חלקים ⇒ 6 שונים · הידור-גרף 172 ✓
ש2 הקטן בריבוע ועוד ממוצע כפול 2: במדף 86 · פריסה: עץ 6 חלקים ⇒ 5 שונים · הידור-גרף 130 ✓
ש2 אם ג בין א ל-ב: הפרש ועוד ג, אחרת 0: במדף 267 · פריסה: עץ 7 חלקים ⇒ 7 שונים · הידור-גרף 351 ✓
ש2 הגדול מבין א+ב ו-ג, פחות ממוצע הגדול והקטן: במדף 236 · פריסה: עץ 9 חלקים ⇒ 9 שונים · הידור-גרף 400 ✓
ש3 חצי-ההפרש-בריבוע ועוד הקטן-בריבוע-וממוצע: במדף 124 · פריסה: עץ 11 חלקים ⇒ 8 שונים · הידור-גרף 201 ✓
ש3 הגדול מבין חצי-ההפרש-בריבוע וסכום-רווי-כפול-2: במדף 183 · פריסה: עץ 16 חלקים ⇒ 11 שונים · הידור-גרף נכשל
ש3 (שארית-3) כפול (סכום-רווי-כפול-2): במדף 140 · פריסה: עץ 15 חלקים ⇒ 10 שונים · הידור-גרף 314 ✓
ש3 אם-בין פחות הגדול-פחות-ממוצע: במדף 497 · פריסה: עץ 17 חלקים ⇒ 17 שונים · הידור-גרף 781 ✓
