✓ העתק · 12/12 · סבבים 4 · נבדקו 901 · 0s
   לאן2 קח לך שים
✓ לא (מספר) · 16/16 · סבבים 5 · נבדקו 15454 · 2s · השתמש ב: העתק
   קח קח לאן1 לך לאן2 קח לך שים חשב שים
✓ וגם (מספרים) · 16/16 · סבבים 14 · נבדקו 109969 · 33s · השתמש ב: לא (מספר)
   לאן1 לך קח לאן@ קח לך שים לאן0 קח לך קח חשב שים לאן0 לך קח קח לאן1 לך לאן2 קח לך שים חשב שים
✗ או (מספרים) · 9/16 · סבבים 24 · נבדקו 1128499 · 287s
✗ שונה (מספרים) · 10/16 · סבבים 36 · נבדקו 1717807 · 437s
✓ קבוע 15 · 12/12 · סבבים 1 · נבדקו 233 · 0s · השתמש ב: לא (מספר)
   לאן4 לך קח קח לאן0 לך לאן2 קח לך שים חשב שים
✗ קח מהכתובת שבתא · 3/16 · סבבים 12 · נבדקו 224243 · 91s
✓ דלג אם לא-אפס (תא0 אפס ⇒ העתק תא1) · 16/16 · סבבים 5 · נבדקו 135780 · 23s · השתמש ב: לא (מספר), וגם (מספרים), העתק
   לאן0 לך קח קח לאן1 לך לאן3 קח לך שים חשב שים לאן3 לך לאן1 לך קח לאן@ קח לך שים לאן3 קח לך קח חשב שים לאן3 לך קח קח לאן1 לך לאן2 קח לך שים חשב שים לאן0 לך לאן1 קח לך שים קח לשורה:15⤴
✗ אם (תא0 לא-אפס ⇒ תא1, אחרת תא3) · 11/16 · סבבים 20 · נבדקו 461503 · 279s
✓ צעד ברשימה (הראשון, או 0) · 16/16 · רשימות ארוכות שלא ראה: 40/40 · סבבים 1 · נבדקו 108 · 0s · השתמש ב: העתק
   לאן1 לך לאן2 קח לך שים
✓ סוף רשימה באורך עד 2 · 20/20 · רשימות ארוכות שלא ראה: 40/40 · סבבים 7 · נבדקו 38905 · 59s · השתמש ב: לא (מספר), העתק
   לאן0 לך קח קח לאן1 לך לאן3 קח לך שים חשב שים לאן1 לך לאן2 קח לך שים קח לאן@ לך קח לשורה:14⤴
✓ סוף רשימה (לולאה, עד 6) · 24/24 · רשימות ארוכות שלא ראה: 40/40 · סבבים 1 · נבדקו 118 · 0s · השתמש ב: סוף רשימה באורך עד 2
   לאן7 לך לאן7 לך קח קח לאן1 לך לאן6 קח לך שים חשב שים לאן1 לך לאן2 קח לך שים קח לאן@ לך קח לשורה:16⤴
✗ חפש ברשימה · 22/24 · סבבים 26 · נבדקו 600386 · 550s
