✓ העתק · 12/12 · עם מה שנלמד · 4⇐4 פעולות · 0s
   לאן2 קח לך שים
✓ לא (מספר) · 16/16 · עם מה שנלמד ⇐ קוצר רק עם 5 הפעולות · 10⇐6 פעולות · 2s
   קח קח חשב לאן2 לך שים
✓ וגם (מספרים) · 16/16 · עם מה שנלמד · 22⇐12 פעולות · 13s · השתמש ב: לא (מספר)
   לאן1 קח לך קח חשב שים קח קח חשב לאן2 לך שים
✗ או (מספרים) · 11/16 · 452s
✗ שונה (מספרים) · 9/16 · 382s
✓ קבוע 15 · 12/12 · עם מה שנלמד ⇐ קוצר רק עם 5 הפעולות · 8⇐6 פעולות · 0s
   לאן2 לך קח קח חשב שים
✓ קח מהכתובת שבתא · 16/16 · עם מה שנלמד · 29⇐7 פעולות · 24s · השתמש ב: לא (מספר)
   קח לאן@ לך קח לאן2 לך שים
✓ דלג אם לא-אפס (תא0 אפס ⇒ העתק תא1) · 16/16 · עם מה שנלמד · 9⇐9 פעולות · 5s · השתמש ב: העתק
   קח לשורה:9⤴ לאן1 לך לאן2 קח לך שים
✓ אם (תא0 לא-אפס ⇒ תא1, אחרת תא3) · 16/16 · עם מה שנלמד · 17⇐17 פעולות · 5s · השתמש ב: העתק, דלג אם לא-אפס (תא0 אפס ⇒ העתק תא1)
   לאן1 לך לאן2 קח לך שים לאן0 לך קח לשורה:17⤴ לאן3 לך לאן2 קח לך שים
✓ צעד ברשימה (הראשון, או 0) · 16/16 · רשימות ארוכות שלא ראה: 40/40 · עם מה שנלמד · 6⇐6 פעולות · 0s · השתמש ב: העתק
   לאן1 לך לאן2 קח לך שים
✓ סוף רשימה באורך עד 2 · 20/20 · רשימות ארוכות שלא ראה: 40/40 · עם מה שנלמד ⇐ קוצר רק עם 5 הפעולות · 26⇐12 פעולות · 19s
   לאן1 לך לאן2 קח לך שים קח לאן@ לך קח לשורה:2⤴
✓ סוף רשימה (לולאה, עד 6) · 24/24 · רשימות ארוכות שלא ראה: 40/40 · עם מה שנלמד · 14⇐12 פעולות · 1s · השתמש ב: סוף רשימה באורך עד 2
   לאן1 לך לאן2 קח לך שים קח לאן@ לך קח לשורה:2⤴
