✓ העתק · 12/12 · עם מה שנלמד · 4⇐4 פעולות · 0s
   לאן2 קח לך שים
✓ לא (מספר) · 16/16 · עם מה שנלמד · 10⇐6 פעולות · 1s · השתמש ב: העתק
   קח קח לאן2 לך חשב שים
✓ וגם (מספרים) · 16/16 · עם מה שנלמד · 21⇐12 פעולות · 10s · השתמש ב: לא (מספר)
   לאן1 קח לך קח חשב שים קח קח לאן2 לך חשב שים
✓ או (מספרים) · 16/16 · עם מה שנלמד · 87⇐87 פעולות · 37s · השתמש ב: לא (מספר), וגם (מספרים), העתק
   לאן2 לך קח קח לאן4 לך חשב שים לאן4 לך לאן1 קח לך קח חשב שים קח קח לאן2 לך חשב שים לאן3 לך קח קח לאן5 לך חשב שים לאן5 לך לאן1 קח לך קח חשב שים קח קח לאן3 לך חשב שים לאן0 לך קח קח לאן6 לך חשב שים לאן3 לך לאן6 קח לך קח חשב שים קח קח לאן1 לך חשב שים לאן2 לך לאן1 קח לך שים לאן6 לך לאן2 קח לך שים לאן1 לך לאן3 קח לך שים קח לשורה:0⤴
✓ שונה (מספרים) · 16/16 · עם מה שנלמד · 117⇐117 פעולות · 63s · השתמש ב: לא (מספר), וגם (מספרים), או (מספרים), העתק
   לאן0 לך קח קח לאן3 לך חשב שים לאן1 לך לאן3 קח לך קח חשב שים קח קח לאן2 לך חשב שים לאן2 לך לאן1 לך קח קח לאן7 לך חשב שים לאן7 לך לאן0 קח לך קח חשב שים קח קח לאן1 לך חשב שים לאן4 לך קח קח לאן6 לך חשב שים לאן6 לך לאן0 קח לך קח חשב שים קח קח לאן4 לך חשב שים לאן2 לך קח קח לאן5 לך חשב שים לאן4 לך לאן5 קח לך קח חשב שים קח קח לאן0 לך חשב שים לאן1 לך לאן0 קח לך שים לאן5 לך לאן1 קח לך שים לאן0 לך לאן4 קח לך שים קח לשורה:24⤴ לאן1 לך לאן2 קח לך שים
✓ קבוע 15 · 12/12 · עם מה שנלמד · 8⇐8 פעולות · 0s · השתמש ב: לא (מספר)
   לאן4 לך קח קח לאן2 לך חשב שים
✓ קח מהכתובת שבתא · 16/16 · עם מה שנלמד · 155⇐155 פעולות · 604s · השתמש ב: לא (מספר), שונה (מספרים), העתק
   לאן0 לך קח קח לאן2 לך חשב שים לאן1 לך קח קח לאן3 לך חשב שים קח לאן@ לך קח קח לשורה:10⤴ לאן0 לך לאן0 לך קח קח לאן1 לך חשב שים לאן3 לך לאן1 קח לך קח חשב שים קח קח לאן2 לך חשב שים לאן2 לך לאן3 לך קח קח לאן7 לך חשב שים לאן7 לך לאן0 קח לך קח חשב שים קח קח לאן3 לך חשב שים לאן6 לך קח קח לאן5 לך חשב שים לאן5 לך לאן0 קח לך קח חשב שים קח קח לאן6 לך חשב שים לאן2 לך קח קח לאן4 לך חשב שים לאן6 לך לאן4 קח לך קח חשב שים קח קח לאן0 לך חשב שים לאן3 לך לאן0 קח לך שים לאן4 לך לאן3 קח לך שים לאן0 לך לאן6 קח לך שים קח לשורה:49⤴ לאן3 לך לאן2 קח לך שים לאן1 לך קח לאן@ לך קח לאן3 לך לאן2 קח לך שים שים
✓ דלג אם לא-אפס (תא0 אפס ⇒ העתק תא1) · 16/16 · עם מה שנלמד · 103⇐103 פעולות · 28s · השתמש ב: או (מספרים), וגם (מספרים)
   לאן1 לך לאן2 לך קח קח לאן7 לך חשב שים לאן7 לך לאן0 קח לך קח חשב שים קח קח לאן2 לך חשב שים לאן3 לך קח קח לאן6 לך חשב שים לאן6 לך לאן0 קח לך קח חשב שים קח קח לאן3 לך חשב שים לאן1 לך קח קח לאן5 לך חשב שים לאן3 לך לאן5 קח לך קח חשב שים קח קח לאן0 לך חשב שים לאן2 לך לאן0 קח לך שים לאן5 לך לאן2 קח לך שים לאן0 לך לאן3 קח לך שים קח לשורה:2⤴ לאן1 לך לאן7 קח לך קח חשב שים קח קח לאן2 לך חשב שים
✓ אם (תא0 לא-אפס ⇒ תא1, אחרת תא3) · 16/16 · עם מה שנלמד, מקום כפול · 194⇐194 פעולות · 658s · השתמש ב: דלג אם לא-אפס (תא0 אפס ⇒ העתק תא1), או (מספרים)
   לאן0 לך לאן1 לך לאן2 לך קח קח לאן7 לך חשב שים לאן7 לך לאן0 קח לך קח חשב שים קח קח לאן2 לך חשב שים לאן6 לך קח קח לאן5 לך חשב שים לאן5 לך לאן0 קח לך קח חשב שים קח קח לאן6 לך חשב שים לאן1 לך קח קח לאן4 לך חשב שים לאן6 לך לאן4 קח לך קח חשב שים קח קח לאן0 לך חשב שים לאן2 לך לאן0 קח לך שים לאן4 לך לאן2 קח לך שים לאן0 לך לאן6 קח לך שים קח לשורה:4⤴ לאן1 לך לאן7 קח לך קח חשב שים קח קח לאן2 לך חשב שים לאן0 לך לאן2 לך קח קח לאן7 לך חשב שים לאן7 לך לאן1 קח לך קח חשב שים קח קח לאן2 לך חשב שים לאן3 לך קח קח לאן6 לך חשב שים לאן6 לך לאן1 קח לך קח חשב שים קח קח לאן3 לך חשב שים לאן0 לך קח קח לאן5 לך חשב שים לאן3 לך לאן5 קח לך קח חשב שים קח קח לאן1 לך חשב שים לאן2 לך לאן1 קח לך שים לאן5 לך לאן2 קח לך שים לאן1 לך לאן3 קח לך שים קח לשורה:107⤴
✓ צעד ברשימה (הראשון, או 0) · 16/16 · רשימות ארוכות שלא ראה: 40/40 · עם מה שנלמד · 6⇐6 פעולות · 0s · השתמש ב: העתק
   לאן1 לך לאן2 קח לך שים
