  סכום רשימה: שלדים — בדיקה בסוף, בלי קפיצה 46 · בדיקה בסוף 55 · בדיקה בהתחלה 60
  ✓ גזור-והדבק: 46 → 36  (1.0 דק')
  סבב 1: 36
  הגדול ברשימה: שלדים — בדיקה בסוף, בלי קפיצה 88 · בדיקה בסוף 97 · בדיקה בהתחלה 102
  ✓ גזור-והדבק: 88 → 50  (1.0 דק')
  ✓ זוג שינויים: 50 → 49  (2.1 דק')
  סבב 1: 49
  ✓ גזור-והדבק: 49 → 46  (3.0 דק')
  סבב 2: 46
  הקטן ברשימה: שלדים — בדיקה בסוף 87 · בדיקה בהתחלה 92
  ✓ גזור-והדבק: 87 → 45  (1.0 דק')
  סבב 1: 45
  אורך רשימה (לולאה + ספירה): שלדים — בדיקה בסוף 63 · בדיקה בהתחלה 68
  ✓ גזור-והדבק: 63 → 45  (1.0 דק')
  ✓ זוג שינויים: 45 → 44  (2.7 דק')
  סבב 1: 44
  ✓ גזור-והדבק: 44 → 40  (3.0 דק')
  סבב 2: 40
  חפש ברשימה: שלדים — בדיקה בסוף 86 · בדיקה בהתחלה 91
  ✓ גזור-והדבק: 86 → 48  (1.0 דק')
  סבב 1: 48
  ספור גדולים מ-X: שלדים — בדיקה בסוף, בלי קפיצה 96 · בדיקה בסוף 105 · בדיקה בהתחלה 110
  ✓ גזור-והדבק: 96 → 67  (1.0 דק')
  סבב 1: 67
  סוף רשימה (לולאה, עד 6): שלדים — בדיקה בסוף, בלי קפיצה 36 · בדיקה בסוף 45 · בדיקה בהתחלה 50
  ✓ גזור-והדבק: 36 → 14  (1.0 דק')
  סבב 1: 14
  סבב 2: 14
בדיקה בסוף, בלי קפיצה  סכום רשימה                   · במדף   26 · הצורף   46 ⇒ קוצר   36 · 20000/20000 · נבנה ב-0.1 שנ׳
בדיקה בסוף, בלי קפיצה  הגדול ברשימה                 · במדף   34 · הצורף   88 ⇒ קוצר   46 · 20000/20000 · נבנה ב-0.2 שנ׳
בדיקה בסוף             הקטן ברשימה                  · במדף   42 · הצורף   87 ⇒ קוצר   45 · 20000/20000 · נבנה ב-0.2 שנ׳
בדיקה בסוף             אורך רשימה (לולאה + ספירה)   · במדף   39 · הצורף   63 ⇒ קוצר   40 · 20000/20000 · נבנה ב-0.2 שנ׳
בדיקה בסוף             חפש ברשימה                   · במדף   48 · הצורף   86 ⇒ קוצר   48 · 20000/20000 · נבנה ב-0.2 שנ׳
בדיקה בסוף, בלי קפיצה  ספור גדולים מ-X              · במדף   61 · הצורף   96 ⇒ קוצר   67 · 20000/20000 · נבנה ב-0.2 שנ׳
בדיקה בסוף, בלי קפיצה  סוף רשימה (לולאה, עד 6)      · במדף   14 · הצורף   36 ⇒ קוצר   14 · 20000/20000 · נבנה ב-0.1 שנ׳
