  ✓ גזור-והדבק: 126 → 64  (1.0 דק')
  ✓ גזור-והדבק: 64 → 56  (1.5 דק')
  סבב 1: 56
הפרש מוחלט: 126 ⇒ 56 · טריקים חדשים: 5 · סה״כ במחברת: 5
  ✓ גזור-והדבק: 51 → 31  (1.0 דק')
  סבב 1: 31
ממוצע: 51 ⇒ 31 · טריקים חדשים: 1 · סה״כ במחברת: 6
  ✓ גזור-והדבק: 116 → 35  (1.0 דק')
  סבב 1: 35
מרחק מ-8: 116 ⇒ 35 · טריקים חדשים: 1 · סה״כ במחברת: 7
  ✓ גזור-והדבק: 76 → 35  (1.0 דק')
  סבב 1: 35
שלושה שווים?: 76 ⇒ 35 · טריקים חדשים: 0 · סה״כ במחברת: 7
  ✓ גזור-והדבק: 27 → 21  (1.0 דק')
  סבב 1: 21
בחר לפי זוגי: 27 ⇒ 21 · טריקים חדשים: 0 · סה״כ במחברת: 7
  ✓ גזור-והדבק: 64 → 52  (1.0 דק')
  סבב 1: 52
סכום רווי: 64 ⇒ 52 · טריקים חדשים: 2 · סה״כ במחברת: 9
  ✓ גזור-והדבק: 64 → 58  (1.0 דק')
  סבב 1: 58
חיסור רווי: 64 ⇒ 58 · טריקים חדשים: 0 · סה״כ במחברת: 9
  ✓ גזור-והדבק: 46 → 32  (1.0 דק')
  ✓ גזור-והדבק: 32 → 30  (1.5 דק')
  סבב 1: 30
סכום רשימה: 46 ⇒ 30 · טריקים חדשים: 1 · סה״כ במחברת: 10
  ✓ גזור-והדבק: 88 → 57  (1.0 דק')
  סבב 1: 57
הגדול ברשימה: 88 ⇒ 57 · טריקים חדשים: 1 · סה״כ במחברת: 11
  ✓ גזור-והדבק: 63 → 45  (1.0 דק')
  סבב 1: 45
אורך רשימה (לולאה + ספירה): 63 ⇒ 45 · טריקים חדשים: -2 · סה״כ במחברת: 9
  ✓ גזור-והדבק: 86 → 52  (1.0 דק')
  סבב 1: 52
חפש ברשימה: 86 ⇒ 52 · טריקים חדשים: 0 · סה״כ במחברת: 9
  ✓ גזור-והדבק: 87 → 45  (1.0 דק')
  סבב 1: 45
הקטן ברשימה: 87 ⇒ 45 · טריקים חדשים: 0 · סה״כ במחברת: 9
