  סבב 1: 169
· מ10 טווח של שלושה: נשאר 169
  ✓ גזור-והדבק: 162 → 160  (1.0 דק')
  סבב 1: 160
✓ חציון של שלושה: 160 (היה 162)
  ✓ גזור-והדבק: 118 → 114  (1.0 דק')
  סבב 1: 114
✓ מ8 שארית ב-3: 114 (היה 118)
  ✓ גזור-והדבק: 114 → 92  (1.0 דק')
  ✓ גזור-והדבק: 92 → 90  (2.0 דק')
  סבב 1: 90
✓ שארית: 90 (היה 114)
  סבב 1: 105
· כמה מעל האמצע: נשאר 105
  ✓ גזור-והדבק: 103 → 92  (1.0 דק')
  סבב 1: 92
✓ השני בגודלו: 92 (היה 103)
  סבב 1: 102
· הגדול מבין שלושה: נשאר 102
  ✓ גזור-והדבק: 99 → 97  (1.0 דק')
  סבב 1: 97
✓ הגדול כפול הקטן: 97 (היה 99)
  סבב 1: 90
· הקטן מבין שלושה: נשאר 90
  סבב 1: 90
· טווח הרשימה: נשאר 90
  סבב 1: 86
· הגבל לתחום: נשאר 86
  סבב 1: 79
· הפרש מוחלט: נשאר 79
  סבב 1: 79
· חילוק: נשאר 79
  סבב 1: 66
· גדול וקטן: נשאר 66
  סבב 1: 62
· מ5 הקטן מבין א ו-ב+1: נשאר 62
  ✓ גזור-והדבק: 62 → 54  (1.0 דק')
  סבב 1: 54
✓ ר9 האם יש שניים עוקבים?: 54 (היה 62)
  סבב 1: 61
· ספור גדולים מ-X: נשאר 61
  ✓ גזור-והדבק: 61 → 55  (1.0 דק')
  סבב 1: 55
✓ ר6 כמה גדולים מהראשון: 55 (היה 61)
  סבב 1: 60
· ספור עליות: נשאר 60
  ✓ גזור-והדבק: 59 → 55  (1.0 דק')
  סבב 1: 55
✓ מ3 הפרש ריבועים: 55 (היה 59)
  סבב 1: 58
· מיין רשימה: נשאר 58
  ✓ גזור-והדבק: 58 → 52  (1.0 דק')
  סבב 1: 52
✓ חיסור רווי: 52 (היה 58)
  ✓ גזור-והדבק: 58 → 56  (2.0 דק')
  סבב 1: 56
✓ סכום רווי: 56 (היה 58)
  סבב 1: 57
· ספור ירידות: נשאר 57
  ✓ גזור-והדבק: 56 → 52  (1.0 דק')
  סבב 1: 52
✓ סכום בלי הגדול: 52 (היה 56)
  סבב 1: 53
· ר2 ספור גדולים מ-12: נשאר 53
  סבב 1: 53
· ר8 הגדול פחות האורך: נשאר 53
  סבב 1: 52
· מקסימום נייד: נשאר 52
  סבב 1: 52
· מ7 חזקת 3: נשאר 52
  ✓ גזור-והדבק: 51 → 49  (1.0 דק')
  סבב 1: 49
✓ ר10 האם יורדת?: 49 (היה 51)
