= מ1 שלוש פעמים: כבר במדף — לא בונים שוב
= מ2 כפול 4: כבר במדף — לא בונים שוב
= מ3 הפרש ריבועים: כבר במדף — לא בונים שוב
= מ4 חיבור אם זוגי אחרת חיסור: כבר במדף — לא בונים שוב
= מ5 הקטן מבין א ו-ב+1: כבר במדף — לא בונים שוב
= מ6 אפס או שלוש?: כבר במדף — לא בונים שוב
= מ7 חזקת 3: כבר במדף — לא בונים שוב
= מ8 שארית ב-3: כבר במדף — לא בונים שוב
= מ9 חצי מעוגל למעלה: כבר במדף — לא בונים שוב
= מ10 טווח של שלושה: כבר במדף — לא בונים שוב
= ר1 סכום הזוגיים: כבר במדף — לא בונים שוב
= ר2 ספור גדולים מ-12: כבר במדף — לא בונים שוב
  המוח (לולאות ⇒ שני-צוברים ⇒ לולאה-עם-זיכרון): לולאה-עם-זיכרון: התחל א=0, ב=הראשון · בכל איבר: א ⇐ חיסור(איבר, ב) · ב ⇐ ב · התשובה: א · 33.2 שנ׳
  ✓ מחברת-הטריקים (1): 54 → 52
  ✓ גזור-והדבק: 52 → 26  (1.0 דק')
  סבב 1: 26
  מהמדף: «סוף רשימה באורך עד 2 + חיסור» מהמדף, ואחריו: חיבור מספרים(התשובה, התשובה) ⇒ 26
  ✓ מחברת-הטריקים (1): 69 → 67
  ✓ גזור-והדבק: 67 → 30  (1.0 דק')
  סבב 1: 30
✓ ר3 האחרון פחות הראשון: נבנה ב-34.2 שנ׳ (69 פקודות, מ-5 הפעולות) ⇒ קוצר ל-26 ⇒ 20000/20000 ⇒ במדף · מוברגת
  המוח (לולאות): בונה-לולאות: התחל מ-15, בכל איבר מינימום(צובר, איבר) · ובסוף: מרחק מ-8(צובר) · 33.5 שנ׳
  ✓ גזור-והדבק: 94 → 49  (1.0 דק')
  סבב 1: 49
  מהמדף: «הקטן ברשימה» מהמדף, ואחריו: מרחק מ-8(התשובה) ⇒ 49
  ✓ מחברת-הטריקים (1): 139 → 137
  ✓ גזור-והדבק: 137 → 55  (2.0 דק')
  סבב 1: 55
✓ ר4 הקטן פחות 8: נבנה ב-34.5 שנ׳ (139 פקודות, מ-5 הפעולות) ⇒ קוצר ל-49 ⇒ 20000/20000 ⇒ במדף · ניידת
  המוח (לולאות ⇒ שני-צוברים): שני-צוברים: בסוף שווה (מספרים) · 4.5 שנ׳
  ✓ גזור-והדבק: 79 → 55  (1.0 דק')
  סבב 1: 55
  מהמדף: «ספור זוגיים ברשימה» מהמדף, ואחריו: אפס?(התשובה) ⇒ 55
  ✓ מחברת-הטריקים (1): 126 → 124
  ✓ גזור-והדבק: 124 → 48  (1.0 דק')
  סבב 1: 48
✓ ר5 האם כולם אי-זוגיים?: נבנה ב-5.4 שנ׳ (126 פקודות, מ-5 הפעולות) ⇒ קוצר ל-48 ⇒ 20000/20000 ⇒ במדף · ניידת
  המוח (לולאות ⇒ שני-צוברים ⇒ לולאה-עם-זיכרון): לולאה-עם-זיכרון: התחל א=0, ב=הראשון · בכל איבר: א ⇐ חיסור(א, קטן מ-(ב, איבר)) · ב ⇐ ב · התשובה: א · 34.1 שנ׳
  ✓ מחברת-הטריקים (1): 111 → 109
  ✓ גזור-והדבק: 109 → 61  (1.0 דק')
  סבב 1: 61
✓ ר6 כמה גדולים מהראשון: נבנה ב-34.9 שנ׳ (111 פקודות, מ-5 הפעולות) ⇒ קוצר ל-61 ⇒ 20000/20000 ⇒ במדף · מוברגת
  המוח (לולאות): בונה-לולאות: התחל מ-0, בכל איבר חיבור מספרים(צובר, כפול 2(איבר)) · 0.6 שנ׳
  ✓ מחברת-הטריקים (1): 40 → 38
  ✓ גזור-והדבק: 38 → 23  (1.0 דק')
  סבב 1: 23
  מהמדף: «סכום רשימה» מהמדף, ואחריו: כפול 2(התשובה) ⇒ 23
  ✓ מחברת-הטריקים (1): 54 → 52
  ✓ גזור-והדבק: 52 → 32  (1.0 דק')
  סבב 1: 32
✓ ר7 סכום כפול 2: נבנה ב-1.5 שנ׳ (54 פקודות, מ-5 הפעולות) ⇒ קוצר ל-23 ⇒ 20000/20000 ⇒ במדף · מוברגת
  המוח (לולאות ⇒ שני-צוברים): שני-צוברים: בסוף חיבור מספרים · 22.6 שנ׳
  ✓ מחברת-הטריקים (1): 103 → 101
  ✓ גזור-והדבק: 101 → 57  (1.0 דק')
  ✓ גזור-והדבק: 57 → 53  (2.0 דק')
  סבב 1: 53
  מהמדף: «הגדול ברשימה + אורך רשימה (לולאה + ספירה)» מהמדף, ואחריו: חיסור(התשובה, התשובה) ⇒ 53
  ✓ מחברת-הטריקים (3): 143 → 137
  ✓ גזור-והדבק: 137 → 69  (1.0 דק')
  סבב 1: 69
✓ ר8 הגדול פחות האורך: נבנה ב-23.5 שנ׳ (143 פקודות, מ-5 הפעולות) ⇒ קוצר ל-53 ⇒ 20000/20000 ⇒ במדף · ניידת
  המוח (לולאות ⇒ שני-צוברים ⇒ לולאה-עם-זיכרון): לולאה-עם-זיכרון: התחל א=0, ב=0 · בכל איבר: א ⇐ או (מספרים)(א, שווה (מספרים)(ב, איבר)) · ב ⇐ ועוד 1(איבר) · התשובה: א · 35.9 שנ׳
  ✓ גזור-והדבק: 126 → 64  (1.0 דק')
  ✓ גזור-והדבק: 64 → 62  (2.0 דק')
  סבב 1: 62
✓ ר9 האם יש שניים עוקבים?: נבנה ב-36.7 שנ׳ (126 פקודות, מ-5 הפעולות) ⇒ קוצר ל-62 ⇒ 20000/20000 ⇒ במדף · ניידת
  המוח (לולאות): בונה-לולאות: התחל מ-15, בכל איבר וגם (מספרים)(איבר, גדול או שווה(צובר, איבר)) · ובסוף: לא (מספר)(אפס?(צובר)) · 23.1 שנ׳
  ✓ גזור-והדבק: 90 → 60  (1.0 דק')
  סבב 1: 60
  מהמדף: «ספור עליות» מהמדף, ואחריו: אפס?(התשובה) ⇒ 60
  ✓ מחברת-הטריקים (1): 138 → 136
  ✓ גזור-והדבק: 136 → 51  (1.0 דק')
  סבב 1: 51
✓ ר10 האם יורדת?: נבנה ב-23.9 שנ׳ (138 פקודות, מ-5 הפעולות) ⇒ קוצר ל-51 ⇒ 20000/20000 ⇒ במדף · ניידת
