=== מיין רשימה ===
מיין רשימה · מתחילים מ-75 (ביד 75)
  ✓ גזור-והדבק (מחזור 1, התחלה הכי טובה): 75 → 71  (2.2 דק')
  ✓ זוג שינויים: 71 → 70  (7.9 דק')
מחזור 1: 70
  ✓ גזור-והדבק (מחזור 2, התחלה הכי טובה): 70 → 66  (10.0 דק')
  ✓ זוג שינויים: 66 → 65  (13.9 דק')
מחזור 2: 65
  ✓ גזור-והדבק (מחזור 3, התחלה הכי טובה): 65 → 58  (16.0 דק')
מחזור 3: 58
סוף: 58 · 22 דקות · נגמר הזמן
=== הגדול ברשימה ===
הגדול ברשימה · מתחילים מ-53 (ביד 53)
  ✓ גזור-והדבק (מחזור 1, התחלה ביד): 53 → 45  (4.2 דק')
מחזור 1: 45
  ✓ גזור-והדבק (מחזור 2, התחלה הכי טובה): 45 → 34  (10.3 דק')
מחזור 2: 34
מחזור 3: 34 (בלי שיפור)
סוף: 34 · 19 דקות · נגמר הזמן
=== הקטן ברשימה ===
הקטן ברשימה · מתחילים מ-58 (ביד 58)
  ✓ גזור-והדבק (מחזור 1, התחלה הכי טובה): 58 → 46  (2.2 דק')
  ✓ גזור-והדבק (מחזור 1, התחלה ביד): 46 → 44  (4.4 דק')
מחזור 1: 44
מחזור 2: 44 (בלי שיפור)
סוף: 44 · 17 דקות · נגמר הזמן
=== ספור גדולים מ-X ===
ספור גדולים מ-X · מתחילים מ-72 (ביד 72)
  ✓ גזור-והדבק (מחזור 1, התחלה הכי טובה): 72 → 66  (2.2 דק')
מחזור 1: 66
  ✓ גזור-והדבק (מחזור 2, התחלה הכי טובה): 66 → 60  (11.4 דק')
מחזור 2: 60
סוף: 60 · 18 דקות · נגמר הזמן
=== חפש ברשימה ===
חפש ברשימה · מתחילים מ-47 (ביד 47)
מחזור 1: 47 (בלי שיפור)
מחזור 2: 47 (בלי שיפור)
סוף: 47 · 19 דקות · שני מחזורים שלמים בלי שיפור
=== הכל נגמר ===
