=== חפש ברשימה ===
חפש ברשימה · מתחילים מ-50 (ביד 50)
  ✓ גזור-והדבק (מחזור 1, התחלה הכי טובה): 50 → 47  (2.5 דק')
מחזור 1: 47
מחזור 2: 47 (בלי שיפור)
סוף: 47 · 18 דקות · נגמר הזמן
=== סכום רשימה ===
סכום רשימה · מתחילים מ-29 (ביד 29)
  ✓ גזור-והדבק (מחזור 1, התחלה הכי טובה): 29 → 26  (2.1 דק')
מחזור 1: 26
מחזור 2: 26 (בלי שיפור)
מחזור 3: 26 (בלי שיפור)
סוף: 26 · 13 דקות · שני מחזורים שלמים בלי שיפור
=== הגדול ברשימה ===
הגדול ברשימה · מתחילים מ-74 (ביד 74)
  ✓ גזור-והדבק (מחזור 1, התחלה הכי טובה): 74 → 58  (2.3 דק')
  ✓ גזור-והדבק (מחזור 1, התחלה ביד): 58 → 57  (4.4 דק')
  ✓ זוג שינויים: 57 → 56  (6.0 דק')
מחזור 1: 56
  ✓ גזור-והדבק (מחזור 2, התחלה הכי טובה): 56 → 53  (8.1 דק')
מחזור 2: 53
מחזור 3: 53 (בלי שיפור)
סוף: 53 · 22 דקות · נגמר הזמן
=== הפוך רשימה ===
הפוך רשימה · מתחילים מ-44 (ביד 44)
  ✓ גזור-והדבק (מחזור 1, התחלה הכי טובה): 44 → 29  (2.0 דק')
מחזור 1: 29
  ✓ גזור-והדבק (מחזור 2, התחלה ביד): 29 → 27  (8.1 דק')
מחזור 2: 27
מחזור 3: 27 (בלי שיפור)
מחזור 4: 27 (בלי שיפור)
סוף: 27 · 16 דקות · שני מחזורים שלמים בלי שיפור
=== מיין רשימה ===
מיין רשימה · מתחילים מ-92 (ביד 92)
  ✓ גזור-והדבק (מחזור 1, התחלה הכי טובה): 92 → 75  (2.3 דק')
מחזור 1: 75
מחזור 2: 75 (בלי שיפור)
סוף: 75 · 17 דקות · נגמר הזמן
=== הכל נגמר ===
