── אם · המנוע מצא 17
   אורך 1: אין (הוכחה) · 0.0s
   אורך 2: אין (הוכחה) · 0.0s
   אורך 3: אין (הוכחה) · 0.0s
   אורך 4: אין (הוכחה) · 0.0s
   אורך 5: אין (הוכחה) · 0.0s
   אורך 6: אין (הוכחה) · 0.1s
   אורך 7: אין (הוכחה) · 0.3s
   אורך 8: אין (הוכחה) · 0.4s
   אורך 9: אין (הוכחה) · 0.9s
   אורך 10: אין (הוכחה) · 3.3s
   אורך 11: יש תוכנית (6s) · על 200 דוגמאות חדשות: 200/200 · לאן1 קח לך לאן7 לך-לשורה לאן3 לך לאן2 קח לך שים
   ⇒ הקצר ביותר: 11 (הוכח: אין קצר יותר)
── סוף רשימה (לולאה) · המנוע מצא 12
   אורך 1: אין (הוכחה) · 0.0s
   אורך 2: אין (הוכחה) · 0.0s
   אורך 3: אין (הוכחה) · 0.0s
   אורך 4: אין (הוכחה) · 1.2s
   אורך 5: אין (הוכחה) · 7.8s
   אורך 6: אין (הוכחה) · 4.7s
   אורך 7: אין (הוכחה) · 29.3s
   אורך 8: אין (הוכחה) · 39.4s
   אורך 9: אין (הוכחה) · 121.9s
   אורך 10: לא ידוע (הפותר לא הספיק) · 900s
