שלב 1: 244,710 לולאות נבדקו ⇒ 6,512 מצבי-אמצע שונים · 5 שנ׳
   שומרים מידע: 6,512 · הכי «נקיים»: 57, 57, 59
   מתוכם שונים כבר בדוגמה הראשונה: 21
   שלב 2: 200,000 נבדקו (אורך 3) · 10 שנ׳
   שלב 2: 400,000 נבדקו (אורך 4) · 14 שנ׳
   שלב 2: 600,000 נבדקו (אורך 4) · 18 שנ׳
   שלב 2: 800,000 נבדקו (אורך 4) · 22 שנ׳
   שלב 2: 1,000,000 נבדקו (אורך 4) · 26 שנ׳
   שלב 2: 1,200,000 נבדקו (אורך 4) · 31 שנ׳
   שלב 2: 1,400,000 נבדקו (אורך 4) · 35 שנ׳
   שלב 2: 1,600,000 נבדקו (אורך 4) · 40 שנ׳
   שלב 2: 1,800,000 נבדקו (אורך 4) · 44 שנ׳
   שלב 2: 2,000,000 נבדקו (אורך 4) · 49 שנ׳
   שלב 2: 2,200,000 נבדקו (אורך 4) · 53 שנ׳
   שלב 2: 2,400,000 נבדקו (אורך 4) · 58 שנ׳
   שלב 2: 2,600,000 נבדקו (אורך 4) · 62 שנ׳
   שלב 2: 2,800,000 נבדקו (אורך 4) · 67 שנ׳
   שלב 2: 3,000,000 נבדקו (אורך 4) · 72 שנ׳
   שלב 2: 3,200,000 נבדקו (אורך 4) · 76 שנ׳
   שלב 2: 3,400,000 נבדקו (אורך 4) · 80 שנ׳
   שלב 2: 3,600,000 נבדקו (אורך 4) · 84 שנ׳
   שלב 2: 3,800,000 נבדקו (אורך 4) · 88 שנ׳
   שלב 2: 4,000,000 נבדקו (אורך 4) · 92 שנ׳
   שלב 2: 4,200,000 נבדקו (אורך 4) · 97 שנ׳
   שלב 2: 4,400,000 נבדקו (אורך 4) · 101 שנ׳
   שלב 2: 4,600,000 נבדקו (אורך 4) · 105 שנ׳
   שלב 2: 4,800,000 נבדקו (אורך 4) · 109 שנ׳
   שלב 2: 5,000,000 נבדקו (אורך 4) · 113 שנ׳
   שלב 2: 5,200,000 נבדקו (אורך 4) · 118 שנ׳
   שלב 2: 5,400,000 נבדקו (אורך 4) · 122 שנ׳
   שלב 2: 5,600,000 נבדקו (אורך 4) · 126 שנ׳
   שלב 2: 5,800,000 נבדקו (אורך 4) · 130 שנ׳
   שלב 2: 6,000,000 נבדקו (אורך 4) · 135 שנ׳
   שלב 2: 6,200,000 נבדקו (אורך 4) · 137 שנ׳
   שלב 2: 6,400,000 נבדקו (אורך 4) · 139 שנ׳
   שלב 2: 6,600,000 נבדקו (אורך 4) · 141 שנ׳
✓ מיין רשימה: שלב 1 — לפני: תא3⇐0 · כל עוד תא1≠0: תא2⇐חץ(תא1), חץ(תא1)⇐15, תא1⇐תא2  ‖  שלב 2 — לפני: - · לכל מספר 15..8 (בתא 4): תא2⇐חץ(תא4), אם תא2≠0: 2 הבאות, חץ(תא4)⇐תא1, תא1⇐תא4 · בסוף: - · 142 שנ׳
