  היום (A1 S10 Z100 A40)                         ⇒   29.2 שנ׳ · כישלונות 0.33
  בלי אטומים (A1 A3 S10 A40)                     ⇒   75.3 שנ׳ · כישלונות 1.00
  הרבה קטנים (A1 S3 S10 S30)                     ⇒   96.2 שנ׳ · כישלונות 1.33
  צעדים (A1 A3 A10 A40)                          ⇒   95.1 שנ׳ · כישלונות 1.33
  רמזים שונים (A1 L8 · A1 L16 · A1 L32 · A10)    ⇒   90.5 שנ׳ · כישלונות 1.33
  רמזים+גודל (A1 L32 · A3 L16 · S10 · A40)       ⇒   97.0 שנ׳ · כישלונות 1.33
  שני אטומים (A1 S10 Z100 Z400)                  ⇒   27.3 שנ׳ · כישלונות 0.33

סוף: היום 29.2 שנ׳ ⇒ הצורף בחר «שני אטומים (A1 S10 Z100 Z400)» 27.3 שנ׳ · פי 1.07
  לא (מספר)                0.28 ⇒   0.14
  לא-וגם (מספרים)          0.28 ⇒   0.16
  חיבור מספרים             1.36 ⇒   0.61
  קח מהכתובת שבתא          1.02 ⇒   0.75
  דלג אם לא-אפס (תא0 אפס   0.17 ⇒   0.12
  קבוע 1                   0.11 ⇒   0.13
  כפול 2                   0.12 ⇒   0.11
  זוגי?                    1.74 ⇒   1.54
  אם (תא0 לא-אפס ⇒ תא1,    0.16 ⇒   0.17
  הקטן מבין שלושה          0.42 ⇒   0.38
  הגדול מבין שלושה         0.40 ⇒   0.32
  הפרש מוחלט              22.92 ⇒  22.74
  ועוד 3                   0.23 ⇒   0.18
