נקודת התחלה (ההגדרות שלי):
  {"W0":500,"LAB":5,"BIG":200,"RULES":true} ⇒ 45.8 שנ׳ · כישלונות 0.5
כפתור W0:
  {"W0":200,"LAB":5,"BIG":200,"RULES":true} ⇒ 38.4 שנ׳ · כישלונות 0.5
  {"W0":1000,"LAB":5,"BIG":200,"RULES":true} ⇒ 56.9 שנ׳ · כישלונות 0.5
  {"W0":2000,"LAB":5,"BIG":200,"RULES":true} ⇒ 82.8 שנ׳ · כישלונות 1
  ⇒ הכי טוב עד עכשיו: {"W0":200,"LAB":5,"BIG":200,"RULES":true} (38.4 שנ׳)
כפתור LAB:
  {"W0":200,"LAB":3,"BIG":200,"RULES":true} ⇒ 39.1 שנ׳ · כישלונות 0.5
  {"W0":200,"LAB":8,"BIG":200,"RULES":true} ⇒ 11.9 שנ׳ · כישלונות 0
  ⇒ הכי טוב עד עכשיו: {"W0":200,"LAB":8,"BIG":200,"RULES":true} (11.9 שנ׳)
כפתור BIG:
  {"W0":200,"LAB":8,"BIG":60,"RULES":true} ⇒ 157.0 שנ׳ · כישלונות 2.5
  ⇒ הכי טוב עד עכשיו: {"W0":200,"LAB":8,"BIG":200,"RULES":true} (11.9 שנ׳)
כפתור RULES:
  {"W0":200,"LAB":8,"BIG":200,"RULES":false} ⇒ 39.2 שנ׳ · כישלונות 0.5
  ⇒ הכי טוב עד עכשיו: {"W0":200,"LAB":8,"BIG":200,"RULES":true} (11.9 שנ׳)

סוף: ההגדרות שלי 45.8 שנ׳ ⇒ מה שהצורף בחר 11.9 שנ׳ · פי 3.86
לכל משימה (לפני ⇒ אחרי, שנ׳):
  לא (מספר)                0.42 ⇒   0.12
  לא-וגם (מספרים)          0.32 ⇒   0.09
  חיבור מספרים             1.88 ⇒   0.85
  קח מהכתובת שבתא          3.05 ⇒   1.04
  דלג אם לא-אפס (תא0 אפס   0.18 ⇒   0.12
  קבוע 1                   0.14 ⇒   0.10
  כפול 2                   0.14 ⇒   0.10
  זוגי?                    4.91 ⇒   2.81
  אם (תא0 לא-אפס ⇒ תא1,    0.18 ⇒   0.18
  הקטן מבין שלושה          0.39 ⇒   0.32
  הגדול מבין שלושה         0.45 ⇒   0.34
  הפרש מוחלט              33.50 ⇒   5.63
  ועוד 3                   0.23 ⇒   0.16
