נקודת התחלה (ההגדרות שלי):
  {"W0":200,"LAB":8,"BIG":200,"RULES":true} ⇒ 28.5 שנ׳ · כישלונות 0.3333333333333333
כפתור LAB:
  {"W0":200,"LAB":6,"BIG":200,"RULES":true} ⇒ 47.0 שנ׳ · כישלונות 0.6666666666666666
  {"W0":200,"LAB":10,"BIG":200,"RULES":true} ⇒ 46.6 שנ׳ · כישלונות 0.6666666666666666
  {"W0":200,"LAB":12,"BIG":200,"RULES":true} ⇒ 29.6 שנ׳ · כישלונות 0.3333333333333333
  {"W0":200,"LAB":16,"BIG":200,"RULES":true} ⇒ 9.4 שנ׳ · כישלונות 0
  ⇒ הכי טוב עד עכשיו: {"W0":200,"LAB":16,"BIG":200,"RULES":true} (9.4 שנ׳)
כפתור W0:
  {"W0":100,"LAB":16,"BIG":200,"RULES":true} ⇒ 25.9 שנ׳ · כישלונות 0.3333333333333333
  {"W0":150,"LAB":16,"BIG":200,"RULES":true} ⇒ 9.1 שנ׳ · כישלונות 0
  {"W0":300,"LAB":16,"BIG":200,"RULES":true} ⇒ 50.0 שנ׳ · כישלונות 0.6666666666666666
  ⇒ הכי טוב עד עכשיו: {"W0":150,"LAB":16,"BIG":200,"RULES":true} (9.1 שנ׳)
כפתור BIG:
  {"W0":150,"LAB":16,"BIG":120,"RULES":true} ⇒ 146.8 שנ׳ · כישלונות 2.3333333333333335
  {"W0":150,"LAB":16,"BIG":300,"RULES":true} ⇒ 8.7 שנ׳ · כישלונות 0
  ⇒ הכי טוב עד עכשיו: {"W0":150,"LAB":16,"BIG":300,"RULES":true} (8.7 שנ׳)
בדיקת השוואה — ההגדרות הישנות (שלי) באותם סיבובים:
  {"W0":500,"LAB":5,"BIG":200,"RULES":true} ⇒ 38.7 שנ׳ · כישלונות 0.3333333333333333
  ישן 38.7 ⇒ חדש 8.7 שנ׳ · פי 4.45

סוף: ההגדרות שלי 28.5 שנ׳ ⇒ מה שהצורף בחר 8.7 שנ׳ · פי 3.28
לכל משימה (לפני ⇒ אחרי, שנ׳):
  לא (מספר)                0.29 ⇒   0.15
  לא-וגם (מספרים)          0.19 ⇒   0.14
  חיבור מספרים             0.97 ⇒   0.71
  קח מהכתובת שבתא          1.27 ⇒   0.95
  דלג אם לא-אפס (תא0 אפס   0.13 ⇒   0.11
  קבוע 1                   0.15 ⇒   0.10
  כפול 2                   0.12 ⇒   0.11
  זוגי?                    2.33 ⇒   1.70
  אם (תא0 לא-אפס ⇒ תא1,    0.12 ⇒   0.15
  הקטן מבין שלושה          0.33 ⇒   0.37
  הגדול מבין שלושה         0.45 ⇒   0.32
  הפרש מוחלט              22.00 ⇒   3.72
  ועוד 3                   0.19 ⇒   0.17
