  היום (למעלה 2 · איפשהו 1)            ⇒   10.6 שנ׳ · כישלונות 0.00
  + ביטים 1                            ⇒   29.3 שנ׳ · כישלונות 0.33
  + ביטים 2                            ⇒    9.6 שנ׳ · כישלונות 0.00
  רק ביטים (למעלה 2 · ביטים 1)         ⇒   30.6 שנ׳ · כישלונות 0.33
  למעלה 4 · איפשהו 1                   ⇒   28.9 שנ׳ · כישלונות 0.33
  למעלה 4 · איפשהו 2 · ביטים 1         ⇒    9.5 שנ׳ · כישלונות 0.00
  בלי רמזים (רק «נכון»)                ⇒   32.1 שנ׳ · כישלונות 0.33

סוף: הנוסחה של היום 10.6 שנ׳ ⇒ הצורף בחר «למעלה 4 · איפשהו 2 · ביטים 1» 9.5 שנ׳ · פי 1.12
  לא (מספר)                0.41 ⇒   0.17
  לא-וגם (מספרים)          0.31 ⇒   0.17
  חיבור מספרים             1.59 ⇒   0.92
  קח מהכתובת שבתא          1.14 ⇒   1.24
  דלג אם לא-אפס (תא0 אפס   0.18 ⇒   0.21
  קבוע 1                   0.19 ⇒   0.16
  כפול 2                   0.20 ⇒   0.19
  זוגי?                    1.91 ⇒   2.07
  אם (תא0 לא-אפס ⇒ תא1,    0.27 ⇒   0.25
  הקטן מבין שלושה          0.49 ⇒   0.43
  הגדול מבין שלושה         0.56 ⇒   0.45
  הפרש מוחלט               3.13 ⇒   3.04
  ועוד 3                   0.22 ⇒   0.19
