results/h0/E01 errors=0 ns_errors=0
results/h0/E03 errors=0 ns_errors=0
results/h0/E05 errors=0 ns_errors=0
results/h0/E08 errors=0 ns_errors=0
results/h0/E12 errors=0 ns_errors=0
results/h0/E14 errors=0 ns_errors=0
results/h0/E16 errors=0 ns_errors=0
results/h0/E20 errors=0 ns_errors=0
results/h0/M03 errors=0 ns_errors=0
results/h0/M08 errors=0 ns_errors=0
results/h0/M10 errors=0 ns_errors=0
results/h0/M14 errors=0 ns_errors=0
results/h0/H10 errors=12 ns_errors=12
results/hf/E02 errors=0 ns_errors=0
results/hf/E04 errors=0 ns_errors=0
results/hf/E06 errors=0 ns_errors=0
results/hf/E09 errors=0 ns_errors=0
results/hf/E11 errors=0 ns_errors=0
results/hf/E14 errors=0 ns_errors=0
results/hf/E16 errors=0 ns_errors=0
results/hf/E18 errors=0 ns_errors=0
results/hf/M01 errors=0 ns_errors=0
results/hf/M04 errors=0 ns_errors=0
results/hf/M07 errors=0 ns_errors=0
results/hf/M11 errors=0 ns_errors=0
results/hf/M14 errors=0 ns_errors=0
results/hf/H02 errors=0 ns_errors=0
results/hf/H05 errors=0 ns_errors=0
results/hf/H11 errors=0 ns_errors=0
results/hf/H13 errors=0 ns_errors=0
results/hf/H15 errors=0 ns_errors=0
results/f0/E02 errors=0 ns_errors=0
results/f0/E04 errors=0 ns_errors=0
results/f0/E06 errors=0 ns_errors=0
results/f0/E08 errors=0 ns_errors=0
results/f0/E10 errors=0 ns_errors=0
results/f0/E12 errors=0 ns_errors=0
results/f0/E14 errors=0 ns_errors=0
results/f0/E16 errors=0 ns_errors=0
results/f0/E18 errors=0 ns_errors=0
results/f0/M01 errors=0 ns_errors=0
results/f0/M03 errors=0 ns_errors=0
results/f0/M05 errors=0 ns_errors=0
results/f0/M09 errors=0 ns_errors=0
results/f0/M11 errors=0 ns_errors=0
results/f0/M13 errors=0 ns_errors=0
results/f0/M15 errors=0 ns_errors=0
results/f0/H02 errors=0 ns_errors=0
results/f0/H04 errors=0 ns_errors=0
results/f0/H06 errors=0 ns_errors=0
results/f0/H11 errors=0 ns_errors=0
results/f0/H13 errors=0 ns_errors=0
