results/h0/E02 errors=0 ns_errors=0
results/h0/E04 errors=0 ns_errors=0
results/h0/E06 errors=0 ns_errors=0
results/h0/E09 errors=0 ns_errors=0
results/h0/E13 errors=0 ns_errors=0
results/h0/E15 errors=0 ns_errors=0
results/h0/E18 errors=0 ns_errors=0
results/h0/M01 errors=0 ns_errors=0
results/h0/M06 errors=0 ns_errors=0
results/h0/M09 errors=0 ns_errors=0
results/h0/M11 errors=0 ns_errors=0
results/h0/M15 errors=0 ns_errors=0
results/hf/E01 errors=0 ns_errors=0
results/hf/E03 errors=0 ns_errors=0
results/hf/E05 errors=0 ns_errors=0
results/hf/E08 errors=0 ns_errors=0
results/hf/E10 errors=0 ns_errors=0
results/hf/E12 errors=0 ns_errors=0
results/hf/E15 errors=0 ns_errors=0
results/hf/E17 errors=0 ns_errors=0
results/hf/E20 errors=0 ns_errors=0
results/hf/M03 errors=0 ns_errors=0
results/hf/M05 errors=0 ns_errors=0
results/hf/M10 errors=0 ns_errors=0
results/hf/M13 errors=0 ns_errors=0
results/hf/M15 errors=0 ns_errors=0
results/hf/H03 errors=2 ns_errors=2
results/hf/H08 errors=0 ns_errors=0
results/hf/H12 errors=1 ns_errors=1
results/hf/H14 errors=0 ns_errors=0
results/f0/E01 errors=0 ns_errors=0
results/f0/E03 errors=0 ns_errors=0
results/f0/E05 errors=0 ns_errors=0
results/f0/E07 errors=0 ns_errors=0
results/f0/E09 errors=0 ns_errors=0
results/f0/E11 errors=0 ns_errors=0
results/f0/E13 errors=0 ns_errors=0
results/f0/E15 errors=0 ns_errors=0
results/f0/E17 errors=0 ns_errors=0
results/f0/E20 errors=0 ns_errors=0
results/f0/M02 errors=0 ns_errors=0
results/f0/M04 errors=0 ns_errors=0
results/f0/M08 errors=0 ns_errors=0
results/f0/M10 errors=0 ns_errors=0
results/f0/M12 errors=0 ns_errors=0
results/f0/M14 errors=0 ns_errors=0
results/f0/H01 errors=0 ns_errors=0
results/f0/H03 errors=0 ns_errors=0
results/f0/H05 errors=0 ns_errors=0
results/f0/H07 errors=0 ns_errors=0
results/f0/H12 errors=0 ns_errors=0
results/f0/H14 errors=0 ns_errors=0
