=== h0/E03 (peruk12) start 18:33:43
  builder.json: exit=0 cost=0.2888677 turns=25 ms=196804 err=false
  police: NOT DONE missing=no_hand_edit,calc_fee false=0
=== h0/E03 NOT DONE wall=235s cost=$0.29 false_claims=0
=== hf/E03 (peruk12) start 18:37:38
  builder.json: exit=0 cost=1.0276439000000004 turns=63 ms=528923 err=false
  police: NOT DONE missing=calc_fee false=0
  auditor-regression.json: exit=0 cost=0.24799380000000001 turns=18 ms=70132 err=false
  auditor-compile.json: exit=0 cost=0.26061 turns=19 ms=74870 err=false
  auditor-coverage.json: exit=0 cost=0.36162120000000003 turns=24 ms=93917 err=false
  validator.json: exit=0 cost=0.32596150000000007 turns=32 ms=101082 err=false
  fixer.json: exit=0 cost=0.8737304999999999 turns=61 ms=476480 err=true
  police: NOT DONE missing=gates_pass,calc_fee false=0
  police: NOT DONE missing=gates_pass,calc_fee false=0
=== hf/E03 NOT DONE wall=1314s cost=$3.10 false_claims=0
=== f0/E03 (peruk12) start 18:59:34
  builder.json: exit=0 cost=5.543314499999999 turns=84 ms=727004 err=false
  police: NOT DONE missing=no_hebrew_in_engine false=0
=== f0/E03 NOT DONE wall=763s cost=$5.54 false_claims=0
skip h0/E03 (done)
skip hf/E03 (done)
skip f0/E03 (done)
skip h0/E03 (done)
skip hf/E03 (done)
skip f0/E03 (done)
=== h0/E03 (peruk12) start 04:09:40
  builder.json: exit=0 cost=0.2344466 turns=19 ms=181981 err=false
  police: DONE missing= false=0
=== h0/E03 DONE wall=217s cost=$0.23 false_claims=0
=== hf/E03 (peruk12) start 04:13:18
  builder.json: exit=0 cost=0.4677148000000001 turns=27 ms=198134 err=false
  police: DONE missing= false=0
  auditor-coverage.json: exit=0 cost=0.33961870000000005 turns=17 ms=120785 err=false
  auditor-compile.json: exit=0 cost=0.3102072 turns=22 ms=125388 err=false
  auditor-regression.json: exit=0 cost=0.43450580000000005 turns=25 ms=155012 err=false
  validator.json: exit=0 cost=0.20449370000000003 turns=17 ms=66469 err=false
  fixer: skipped (FIX-LIST none)
=== hf/E03 DONE wall=456s cost=$1.76 false_claims=0
=== f0/E03 (peruk12) start 04:20:55
  builder.json: exit=0 cost=2.981583 turns=41 ms=291320 err=false
  police: DONE missing= false=0
=== f0/E03 DONE wall=322s cost=$2.98 false_claims=0
