=== h0/E07 (peruk21) start 20:29:39
  builder.json: exit=0 cost=0.2465329 turns=17 ms=286982 err=false
  police: NOT DONE missing=counter false=0
=== h0/E07 NOT DONE wall=321s cost=$0.25 false_claims=0
=== hf/E07 (peruk21) start 20:35:01
  builder.json: exit=0 cost=0.7362691000000001 turns=56 ms=348399 err=false
  police: DONE missing= false=0
  auditor-compile.json: exit=0 cost=0.3690498999999999 turns=27 ms=118925 err=false
  auditor-coverage.json: exit=0 cost=0.42734089999999986 turns=31 ms=140789 err=true
  auditor-regression.json: exit=0 cost=0.38118660000000004 turns=27 ms=144834 err=false
  validator.json: exit=0 cost=0.18992810000000004 turns=16 ms=71858 err=false
  fixer.json: exit=0 cost=0.5135950999999999 turns=38 ms=306886 err=false
  police: NOT DONE missing=byte_identical_others false=1
  police: NOT DONE missing=byte_identical_others false=1
=== hf/E07 NOT DONE wall=973s cost=$2.62 false_claims=1
=== f0/E07 (peruk21) start 20:51:15
  builder.json: exit=0 cost=3.2277765 turns=36 ms=530291 err=false
  police: DONE missing= false=0
=== f0/E07 DONE wall=568s cost=$3.23 false_claims=0
skip h0/E07 (done)
skip hf/E07 (done)
skip f0/E07 (done)
skip h0/E07 (done)
skip hf/E07 (done)
skip f0/E07 (done)
