=== h0/E09 (peruk25) start 21:40:53
  builder.json: exit=0 cost=0.12106920000000002 turns=6 ms=138125 err=false
  police: DONE missing= false=0
=== h0/E09 DONE wall=172s cost=$0.12 false_claims=0
=== hf/E09 (peruk25) start 21:43:45
  builder.json: exit=0 cost=0.41029979999999994 turns=24 ms=157802 err=false
  police: DONE missing= false=0
  auditor-regression.json: exit=0 cost=0.28660490000000005 turns=15 ms=97964 err=false
  auditor-coverage.json: exit=0 cost=0.2881614 turns=13 ms=113756 err=false
  auditor-compile.json: exit=0 cost=0.27079310000000006 turns=14 ms=156984 err=false
  validator.json: exit=0 cost=0.21376549999999997 turns=17 ms=117873 err=false
  fixer: skipped (FIX-LIST none)
=== hf/E09 DONE wall=470s cost=$1.47 false_claims=0
=== f0/E09 (peruk25) start 21:51:35
  builder.json: exit=0 cost=4.0822632500000005 turns=63 ms=524204 err=false
  police: DONE missing= false=0
=== f0/E09 DONE wall=558s cost=$4.08 false_claims=0
skip h0/E09 (done)
skip hf/E09 (done)
skip f0/E09 (done)
skip h0/E09 (done)
skip hf/E09 (done)
skip f0/E09 (done)
