=== h0/H06 (peruk12) start 20:26:38
  builder.json: exit=0 cost=0.36276480000000005 turns=30 ms=207253 err=false
  police: NOT DONE missing=byte_identical_others,no_hebrew_in_engine,sort,numeric false=0
=== h0/H06 NOT DONE wall=242s cost=$0.36 false_claims=0
=== hf/H06 (peruk12) start 20:30:43
  builder.json: exit=0 cost=1.8234733499999998 turns=98 ms=825994 err=false
  police: NOT DONE missing=byte_identical_others,sort,numeric false=0
  auditor-coverage.json: exit=0 cost=0.4058018999999999 turns=31 ms=104983 err=true
  auditor-regression.json: exit=0 cost=0.40571979999999996 turns=28 ms=140824 err=false
  auditor-compile.json: exit=0 cost=0.43448999999999993 turns=31 ms=173219 err=false
  validator.json: exit=0 cost=0.3531451 turns=28 ms=120463 err=false
  fixer.json: exit=0 cost=0.6121736999999999 turns=34 ms=261678 err=false
  police: NOT DONE missing=byte_identical_others,sort,numeric false=0
  police: NOT DONE missing=byte_identical_others,sort,numeric false=0
=== hf/H06 NOT DONE wall=1483s cost=$4.03 false_claims=0
=== f0/H06 (peruk12) start 20:55:27
  builder.json: exit=0 cost=5.8263842499999985 turns=73 ms=686054 err=false
  police: NOT DONE missing=no_hebrew_in_engine false=0
=== f0/H06 NOT DONE wall=722s cost=$5.83 false_claims=0
skip h0/H06 (done)
skip hf/H06 (done)
skip f0/H06 (done)
skip h0/H06 (done)
skip hf/H06 (done)
skip f0/H06 (done)
