=== h0/H07 (sechirut) start 21:00:43
  builder.json: exit=0 cost=0.2740308 turns=22 ms=280182 err=false
  police: NOT DONE missing=calc,max false=0
=== h0/H07 NOT DONE wall=316s cost=$0.27 false_claims=0
=== hf/H07 (sechirut) start 21:05:59
  builder.json: exit=0 cost=1.1425608999999999 turns=79 ms=400600 err=false
  police: NOT DONE missing=calc,max false=0
  auditor-coverage.json: exit=0 cost=0.2492211 turns=13 ms=114363 err=false
  auditor-compile.json: exit=0 cost=0.2528284 turns=11 ms=119089 err=false
  auditor-regression.json: exit=0 cost=0.29107900000000003 turns=15 ms=144291 err=false
  validator.json: exit=0 cost=0.2584754 turns=12 ms=171212 err=false
  fixer.json: exit=0 cost=1.0351381 turns=61 ms=582354 err=true
  police: NOT DONE missing=gates_pass,max false=0
  police: NOT DONE missing=gates_pass,max false=0
=== hf/H07 NOT DONE wall=1405s cost=$3.23 false_claims=0
=== f0/H07 (sechirut) start 21:29:25
  builder.json: exit=0 cost=4.276120250000001 turns=40 ms=650684 err=false
  police: NOT DONE missing=max false=0
=== f0/H07 NOT DONE wall=687s cost=$4.28 false_claims=0
skip h0/H07 (done)
skip hf/H07 (done)
skip f0/H07 (done)
skip h0/H07 (done)
skip hf/H07 (done)
skip f0/H07 (done)
