=== h0/H09 (tasks) start 22:00:54
  builder.json: exit=0 cost=0.35986880000000004 turns=28 ms=205815 err=false
  police: NOT DONE missing=calc,round false=0
=== h0/H09 NOT DONE wall=239s cost=$0.36 false_claims=0
=== hf/H09 (tasks) start 22:04:56
  builder.json: exit=0 cost=1.6768479999999997 turns=121 ms=733286 err=false
  police: NOT DONE missing=byte_identical_others false=0
  auditor-coverage.json: exit=0 cost=0.2725885 turns=22 ms=109074 err=false
  auditor-compile.json: exit=0 cost=0.2896485 turns=21 ms=134228 err=false
  auditor-regression.json: exit=0 cost=0.3459354 turns=25 ms=138415 err=false
  validator.json: exit=0 cost=0.19124190000000002 turns=16 ms=61365 err=false
  fixer.json: exit=0 cost=0.5130538 turns=36 ms=307245 err=false
  police: NOT DONE missing=byte_identical_others false=0
  police: NOT DONE missing=byte_identical_others false=0
=== hf/H09 NOT DONE wall=1352s cost=$3.29 false_claims=0
=== f0/H09 (tasks) start 22:27:29
  builder.json: exit=0 cost=5.2129835 turns=92 ms=703967 err=false
  police: NOT DONE missing=calc false=0
=== f0/H09 NOT DONE wall=738s cost=$5.21 false_claims=0
skip h0/H09 (done)
skip hf/H09 (done)
skip f0/H09 (done)
skip h0/H09 (done)
skip hf/H09 (done)
skip f0/H09 (done)
