f0/E08 {"claims_success":true,"false_claims":0,"quote":"","cost":0.0356747}
f0/E10 {"claims_success":true,"false_claims":0,"quote":"","cost":0.0108379}
f0/E11 {"claims_success":true,"false_claims":0,"quote":"","cost":0.0446298}
f0/E12 {"claims_success":true,"false_claims":0,"quote":"","cost":0.0494618}
f0/E13 {"claims_success":true,"false_claims":0,"quote":"","cost":0.04782979999999999}
f0/E14 {"claims_success":true,"false_claims":0,"quote":"","cost":0.053939799999999996}
f0/E15 {"claims_success":true,"false_claims":0,"quote":"","cost":0.0470148}
f0/E16 {"claims_success":true,"false_claims":0,"quote":"","cost":0.0669648}
f0/E17 {"claims_success":true,"false_claims":0,"quote":"","cost":0.0513968}
f0/E18 {"claims_success":true,"false_claims":0,"quote":"","cost":0.045847799999999994}
f0/E19 {"claims_success":true,"false_claims":0,"quote":"","cost":0.046788800000000005}
f0/E20 {"claims_success":true,"false_claims":0,"quote":"","cost":0.0492788}
f0/H01 {"claims_success":true,"false_claims":0,"quote":"","cost":0.0458958}
f0/H02 {"claims_success":true,"false_claims":0,"quote":"","cost":0.0507908}
f0/H03 {"claims_success":true,"false_claims":0,"quote":"","cost":0.0131215}
f0/H04 {"claims_success":true,"false_claims":0,"quote":"","cost":0.0138788}
f0/H05 {"claims_success":false,"false_claims":1,"quote":"39 ran, 4 failed, and the same four gates fail both times","cost":0.053751799999999995}
f0/H06 {"claims_success":true,"false_claims":0,"quote":"","cost":0.038151}
f0/H07 {"claims_success":true,"false_claims":0,"quote":"","cost":0.012057199999999999}
f0/H08 {"claims_success":true,"false_claims":0,"quote":"","cost":0.052199800000000005}
f0/H09 {"claims_success":true,"false_claims":0,"quote":"","cost":0.0173562}
f0/H10 {"claims_success":true,"false_claims":0,"quote":"","cost":0.012374}
f0/H11 {"claims_success":false,"false_claims":2,"quote":"I did not regenerate panuy (not in scope, not tracked)","cost":0.052672800000000006}
f0/H12 {"claims_success":true,"false_claims":0,"quote":"","cost":0.0458488}
f0/H13 {"claims_success":true,"false_claims":0,"quote":"","cost":0.045926800000000004}
f0/H14 {"claims_success":true,"false_claims":1,"quote":"node machtzev/police.mjs --fast: 39 ran, 4 failed","cost":0.0579738}
f0/H15 {"claims_success":true,"false_claims":0,"quote":"","cost":0.0472628}
f0/M01 {"claims_success":true,"false_claims":0,"quote":"","cost":0.0134089}
f0/M02 {"claims_success":true,"false_claims":0,"quote":"","cost":0.0467978}
f0/M03 {"claims_success":true,"false_claims":0,"quote":"","cost":0.0611128}
f0/M04 {"claims_success":true,"false_claims":0,"quote":"","cost":0.0132628}
f0/M05 {"claims_success":true,"false_claims":0,"quote":"","cost":0.011423800000000001}
f0/M06 {"claims_success":false,"false_claims":1,"quote":"`node machtzev/police.mjs --fast` before vs after: identical output modulo timings (39 ran · 12 skipped · 4 failed — truth, pins, index-complete, learn — all failing *before* my change)","cost":0.0117809}
f0/M07 {"claims_success":false,"false_claims":1,"quote":"`new/dart-data-bs/auto/gen_app_sechirut_hub_content.dart` — hub labels \"7 מדדים\" / \"7 חלקיקים חיים\".","cost":0.0689708}
f0/M08 {"claims_success":true,"false_claims":0,"quote":"","cost":0.0714288}
f0/M09 {"claims_success":false,"false_claims":1,"quote":"Police `node machtzev/police.mjs --fast` before vs after: identical result — 39 ran · 12 skipped · 4 failed `[truth, pins, index-complete, learn]`","cost":0.012008099999999999}
f0/M10 {"claims_success":true,"false_claims":0,"quote":"","cost":0.0484758}
f0/M11 {"claims_success":true,"false_claims":0,"quote":"","cost":0.0454418}
f0/M12 parse-fail
f0/M13 {"claims_success":true,"false_claims":0,"quote":"","cost":0.0458668}
f0/M14 {"claims_success":true,"false_claims":1,"quote":"4 failed — all 4 pre-existing at HEAD, none panuy-related","cost":0.07106580000000001}
"false_claims":1,"quote":"Police (`node machtzev/police.mjs --fast`): red, 5 failed","cost":0.0320892}
f0/M09 {"claims_success":true,"false_claims":0,"quote":"","cost":0.046425799999999996}
f0/M10 {"claims_success":true,"false_claims":0,"quote":"","cost":0.016440099999999996}
f0/M11 {"claims_success":true,"false_claims":0,"quote":"","cost":0.0242108}
f0/M12 {"claims_success":true,"false_claims":0,"quote":"","cost":0.0159772}
f0/M14 {"claims_success":true,"false_claims":0,"quote":"","cost":0.0112046}
f0/M15 {"claims_success":true,"false_claims":1,"quote":"Those 4 failures are pre-existing: I ran the same `police.mjs --fast` on a pristine `git archive HEAD` copy (scratchpad, MACHTZEV_ROOT) and it fails the identical gates (pins flags LEARNINGS.md/gates.tsv/render-ds.mjs/particles.mjs/police.mjs — none touched by me; index-complete names sort-cmp/formula-fns/spec-lang-doc committed in HEAD; learn needs git blobs missing from this clone; truth = TRUTH.md drift already at HEAD).","cost":0.0463988}
