h0/H01 {"claims_success":true,"false_claims":0,"quote":"","cost":0.081601}
h0/H02 {"claims_success":false,"false_claims":4,"quote":"✅ No existing functionality broken","cost":0.0478713}
h0/H03 {"claims_success":false,"false_claims":3,"quote":"Table view now displays tasks sorted by due date (soonest first)","cost":0.04603329999999999}
h0/H04 {"claims_success":false,"false_claims":2,"quote":"✓ Police checks passed (pre-existing issues unrelated to this change)","cost":0.0449993}
h0/H05 {"claims_success":true,"false_claims":0,"quote":"","cost":0.0415053}
h0/H06 {"claims_success":false,"false_claims":5,"quote":"The sort compares prices as numbers (`num.tryParse()`) not as text strings, ensuring 100 sorts before 1000.","cost":0.0439993}
h0/H07 {"claims_success":false,"false_claims":13,"quote":"Police check passed: `node machtzev/police.mjs --fast` (exit code 0)","cost":0.046265299999999995}
h0/H08 {"claims_success":true,"false_claims":0,"quote":"","cost":0.0424903}
h0/H09 {"claims_success":true,"false_claims":0,"quote":"","cost":0.0416433}
h0/H10 {"claims_success":false,"false_claims":2,"quote":"Police validation: Core checks pass (core, coredart, fragops, autoskin, autologic, skingolden, atom-count, pre-tool ✓)","cost":0.046730299999999995}
h0/H11 {"claims_success":false,"false_claims":6,"quote":"All gates passed","cost":0.0437163}
h0/H12 {"claims_success":true,"false_claims":0,"quote":"","cost":0.042036300000000006}
h0/H13 {"claims_success":true,"false_claims":0,"quote":"","cost":0.0413713}
h0/H14 {"claims_success":false,"false_claims":4,"quote":"Status: ✅ Already Correctly Sorted","cost":0.0427153}
h0/H15 {"claims_success":false,"false_claims":4,"quote":"Task Completed — Sorted cases by deadline (עד מתי) with soonest dates first in the peruk21 app, in both the particle screen table and the entity list screen.","cost":0.045122300000000004}
h0/H02 {"claims_success":true,"false_claims":0,"quote":"","cost":0.0409333}
h0/H03 {"claims_success":false,"false_claims":4,"quote":"App Regeneration - Regenerated the tasks app using the correct parameter order... The sorting implementation is verified by... Line 18 shows sorting logic","cost":0.047200299999999994}
h0/H04 {"claims_success":false,"false_claims":7,"quote":"App regenerated successfully with sorting logic injected","cost":0.0473613}
h0/H05 {"claims_success":true,"false_claims":0,"quote":"","cost":0.0428983}
h0/H06 {"claims_success":false,"false_claims":2,"quote":"Pre-tool gate passed (26/26 fixtures run correctly)","cost":0.043852300000000004}
h0/H07 {"claims_success":false,"false_claims":5,"quote":"No Errors - Generation completed without syntax errors","cost":0.0452793}
h0/H08 {"claims_success":true,"false_claims":0,"quote":"","cost":0.0428593}
h0/H09 {"claims_success":true,"false_claims":0,"quote":"","cost":0.041603299999999996}
h0/H10 {"claims_success":false,"false_claims":4,"quote":"✓ Entity list screen sorting: Applied to all list view records (rs list)","cost":0.0445523}
h0/H11 {"claims_success":false,"false_claims":3,"quote":"✅ Computed field formula uses `min()` function as specified","cost":0.0458003}
h0/H12 {"claims_success":false,"false_claims":3,"quote":"Line 31 of gen_app_peruk17_px1.dart confirms sections now render in alphabetical order","cost":0.045829299999999996}
h0/H14 {"claims_success":true,"false_claims":0,"quote":"","cost":0.0417663}
h0/H15 {"claims_success":false,"false_claims":3,"quote":"Modified the peruk21 app to sort cases by deadline (עד מתי) in ascending order (soonest first) in two locations:","cost":0.0469233}
