=== h0/M01 (peruk02) start 17:44:22
  builder.json: exit=0 cost=0.20166819999999996 turns=14 ms=172281 err=false
  police: NOT DONE missing=no_hand_edit,ent3,paid,px3 false=0
=== h0/M01 NOT DONE wall=209s cost=$0.20 false_claims=0
=== hf/M01 (peruk02) start 17:47:51
  builder.json: exit=0 cost=0.9857362000000002 turns=68 ms=443307 err=false
  police: NOT DONE missing=ent3,paid,px3 false=0
  auditor-compile.json: exit=0 cost=0.2245861 turns=21 ms=63087 err=false
  auditor-coverage.json: exit=0 cost=0.24165730000000007 turns=20 ms=64543 err=false
  auditor-regression.json: exit=0 cost=0.33793 turns=26 ms=83791 err=false
  validator.json: exit=0 cost=0.31466679999999986 turns=31 ms=97441 err=false
  fixer.json: exit=0 cost=0.5743184000000003 turns=41 ms=361317 err=false
  police: NOT DONE missing=ent3,paid,px3 false=0
  police: NOT DONE missing=ent3,paid,px3 false=0
=== hf/M01 NOT DONE wall=1095s cost=$2.68 false_claims=0
=== f0/M01 (peruk02) start 18:06:06
  builder.json: exit=0 cost=4.799135 turns=68 ms=586378 err=false
  police: DONE missing= false=0
=== f0/M01 DONE wall=627s cost=$4.80 false_claims=0
skip h0/M01 (done)
skip hf/M01 (done)
skip f0/M01 (done)
skip h0/M01 (done)
skip hf/M01 (done)
skip f0/M01 (done)
=== h0/M01 (peruk02) start 04:09:40
  builder.json: exit=0 cost=0.2542352 turns=20 ms=193331 err=false
  police: DONE missing= false=0
=== h0/M01 DONE wall=229s cost=$0.25 false_claims=0
=== hf/M01 (peruk02) start 04:13:30
  builder.json: exit=0 cost=0.49559300000000006 turns=44 ms=258368 err=false
  police: DONE missing= false=0
  auditor-coverage.json: exit=0 cost=0.3955772 turns=29 ms=134163 err=false
  auditor-compile.json: exit=0 cost=0.34383329999999995 turns=24 ms=159802 err=false
  auditor-regression.json: exit=0 cost=0.38348780000000005 turns=24 ms=166223 err=false
  validator.json: exit=0 cost=0.21739359999999996 turns=20 ms=74873 err=false
  fixer.json: exit=0 cost=0.6348795 turns=45 ms=333622 err=false
  police: DONE missing= false=0
  police: DONE missing= false=0
=== hf/M01 DONE wall=930s cost=$2.47 false_claims=0
=== f0/M01 (peruk02) start 04:29:00
  builder.json: exit=0 cost=3.99801275 turns=39 ms=676248 err=false
  police: DONE missing= false=0
=== f0/M01 DONE wall=708s cost=$4.00 false_claims=0
