=== h0/M03 (sechirut) start 18:39:56
  builder.json: exit=0 cost=0.15351499999999998 turns=8 ms=143844 err=false
  police: DONE missing= false=0
=== h0/M03 DONE wall=181s cost=$0.15 false_claims=0
=== hf/M03 (sechirut) start 18:42:57
  builder.json: exit=0 cost=0.4390282999999999 turns=25 ms=242554 err=false
  police: DONE missing= false=0
  auditor-coverage.json: exit=0 cost=0.3189686 turns=20 ms=69859 err=false
  auditor-compile.json: exit=0 cost=0.28328960000000003 turns=17 ms=81819 err=false
  auditor-regression.json: exit=0 cost=0.3527634000000001 turns=33 ms=84340 err=false
  validator.json: exit=0 cost=0.2793778 turns=20 ms=84495 err=false
  fixer: skipped (FIX-LIST none)
=== hf/M03 DONE wall=455s cost=$1.67 false_claims=0
=== f0/M03 (sechirut) start 18:50:34
  builder.json: exit=0 cost=2.9062539999999992 turns=35 ms=557413 err=false
  police: DONE missing= false=0
=== f0/M03 DONE wall=593s cost=$2.91 false_claims=0
skip h0/M03 (done)
skip hf/M03 (done)
skip f0/M03 (done)
skip h0/M03 (done)
skip hf/M03 (done)
skip f0/M03 (done)
