=== h0/M05 (peruk21) start 19:53:52
  builder.json: exit=0 cost=0.14381549999999999 turns=9 ms=149745 err=false
  police: NOT DONE missing=gates_pass,msg,title false=0
=== h0/M05 NOT DONE wall=183s cost=$0.14 false_claims=0
=== hf/M05 (peruk21) start 19:56:58
  builder.json: exit=0 cost=1.0039955999999999 turns=73 ms=906617 err=false
  police: DONE missing= false=0
  auditor-regression.json: exit=0 cost=0.37239240000000007 turns=24 ms=91301 err=false
  auditor-coverage.json: exit=0 cost=0.4026441 turns=25 ms=116681 err=false
  auditor-compile.json: exit=0 cost=0.4045866999999999 turns=28 ms=181279 err=false
  validator.json: exit=0 cost=0.17769420000000002 turns=13 ms=77162 err=false
  fixer: skipped (FIX-LIST none)
=== hf/M05 DONE wall=1203s cost=$2.36 false_claims=0
=== f0/M05 (peruk21) start 20:17:01
  builder.json: exit=0 cost=4.976659499999999 turns=70 ms=720601 err=false
  police: DONE missing= false=0
=== f0/M05 DONE wall=757s cost=$4.98 false_claims=0
skip h0/M05 (done)
skip hf/M05 (done)
skip f0/M05 (done)
skip h0/M05 (done)
skip hf/M05 (done)
skip f0/M05 (done)
