=== h0/M07 (sechirut) start 20:59:22
  builder.json: exit=0 cost=0.1955473 turns=14 ms=168603 err=false
  police: NOT DONE missing=hub_label false=0
=== h0/M07 NOT DONE wall=202s cost=$0.20 false_claims=0
=== hf/M07 (sechirut) start 21:02:45
  builder.json: exit=0 cost=0.4858534 turns=38 ms=375986 err=false
  police: DONE missing= false=0
  auditor-compile.json: exit=0 cost=0.34538480000000005 turns=20 ms=82982 err=false
  auditor-regression.json: exit=0 cost=0.38701810000000003 turns=20 ms=105554 err=false
  auditor-coverage.json: exit=0 cost=0.34848579999999996 turns=23 ms=122612 err=false
  validator.json: exit=0 cost=0.27545239999999993 turns=21 ms=112001 err=false
  fixer.json: exit=0 cost=0.5616062000000002 turns=36 ms=279533 err=false
  police: DONE missing= false=0
  police: DONE missing= false=0
=== hf/M07 DONE wall=992s cost=$2.40 false_claims=0
=== f0/M07 (sechirut) start 21:19:18
  builder.json: exit=0 cost=2.8316865 turns=32 ms=382752 err=false
  police: NOT DONE missing=hub_label false=0
=== f0/M07 NOT DONE wall=417s cost=$2.83 false_claims=0
skip h0/M07 (done)
skip hf/M07 (done)
skip f0/M07 (done)
skip h0/M07 (done)
skip hf/M07 (done)
skip f0/M07 (done)
